[2026-09-26T14:34:57.956Z] syncing 1 Topps Tiles products to Shopify as DRAFT
[2026-09-26T14:35:07.982Z] ✓ Metro Tiles — 12/12 variants, 51 images, 12 variant images
[2026-09-26T14:35:07.983Z] finished: 1 ok (0 with warnings), 0 failed
[2026-09-26T14:36:12.195Z] syncing 1 Topps Tiles products to Shopify as DRAFT
[2026-09-26T14:36:18.675Z] ✓ RUBI Drill Bit Diamond — 10/10 variants, 10 images, 10 variant images
[2026-09-26T14:36:18.676Z] finished: 1 ok (0 with warnings), 0 failed
[2026-09-26T14:37:45.031Z] syncing 843 Topps Tiles products to Shopify as DRAFT
[2026-09-26T14:37:54.464Z] ✓ Statements™ Amberley™ Orchid Tile — 1/1 variants, 7 images, 1 variant images
[2026-09-26T14:37:54.837Z] ✓ Antalya Crema Irregular Linear Mosaic Tile — 1/1 variants, 5 images, 1 variant images
[2026-09-26T14:38:04.427Z] ✓ Tekno™ — 2/2 variants, 12 images, 2 variant images
[2026-09-26T14:38:12.396Z] ✓ Berkeley Essence™ — 3/3 variants, 16 images, 3 variant images
[2026-09-26T14:38:13.249Z] ✓ Astrea™ — 7/7 variants, 27 images, 7 variant images
[2026-09-26T14:38:18.561Z] ✓ Statements™ Brixton Tile — 1/1 variants, 8 images, 1 variant images
[2026-09-26T14:38:22.519Z] ✓ Berkeley™ — 4/4 variants, 17 images, 4 variant images
[2026-09-26T14:38:32.889Z] ✓ Carrara — 10/10 variants, 26 images, 10 variant images
[2026-09-26T14:38:38.189Z] ✓ Catania™ — 5/5 variants, 22 images, 5 variant images
[2026-09-26T14:38:40.657Z] ✓ Complements™ — 6/6 variants, 15 images, 6 variant images
[2026-09-26T14:38:50.619Z] ✓ Devon — 2/2 variants, 11 images, 2 variant images
[2026-09-26T14:38:59.616Z] ✓ Grosvenor™ — 7/7 variants, 24 images, 7 variant images
[2026-09-26T14:39:00.586Z] ✓ Diamante — 10/10 variants, 44 images, 10 variant images
[2026-09-26T14:39:11.317Z] ✓ Hartley™ — 4/4 variants, 21 images, 4 variant images
[2026-09-26T14:39:19.698Z] ✓ Henley™ — 6/6 variants, 27 images, 6 variant images
[2026-09-26T14:39:20.541Z] ✓ Inara™ — 6/6 variants, 30 images, 6 variant images
[2026-09-26T14:39:26.327Z] ✓ Kamber™ Tile (30cm x 60cm) — 1/1 variants, 7 images, 1 variant images
[2026-09-26T14:39:27.178Z] ✓ Kanzi™ Natural Tile — 1/1 variants, 8 images, 1 variant images
[2026-09-26T14:39:30.031Z] ✓ Indas™ — 3/3 variants, 15 images, 3 variant images
[2026-09-26T14:39:47.492Z] ✓ Lampas™ — 8/8 variants, 38 images, 8 variant images
[2026-09-26T14:39:48.624Z] ✓ Linear Tiles — 12/12 variants, 40 images, 12 variant images
[2026-09-26T14:40:05.315Z] ✓ Mokara™ — 2/2 variants, 12 images, 2 variant images
[2026-09-26T14:40:08.021Z] ✓ Mora™ — 4/4 variants, 21 images, 4 variant images
[2026-09-26T14:40:14.844Z] ✓ Roma Blanco Tile (40cm x 25cm) — 1/1 variants, 6 images, 1 variant images
[2026-09-26T14:40:22.038Z] ✓ Ruzzini™ Tile — 1/1 variants, 9 images, 1 variant images
[2026-09-26T14:40:22.039Z] progress 25/843 (ok 25, warnings 0, failed 0)
[2026-09-26T14:40:22.212Z] ✓ Matrix® — 82/82 variants, 215 images, 82 variant images
[2026-09-26T14:40:39.047Z] ✓ Regal® — 30/30 variants, 108 images, 30 variant images
[2026-09-26T14:40:41.226Z] ✓ Shapes Mosaics — 4/4 variants, 19 images, 4 variant images
[2026-09-26T14:40:46.625Z] ✓ Simply Whites™ — 16/16 variants, 54 images, 16 variant images
[2026-09-26T14:40:58.886Z] ✓ Starluxe™ — 9/9 variants, 25 images, 9 variant images
[2026-09-26T14:41:04.121Z] ✓ Stratum™ — 3/3 variants, 11 images, 3 variant images
[2026-09-26T14:41:04.986Z] ✓ Staunton™ — 12/12 variants, 58 images, 12 variant images
[2026-09-26T14:41:11.843Z] ✓ Statements™ Checker™ Tile — 1/1 variants, 8 images, 1 variant images
[2026-09-26T14:41:23.338Z] ✓ Torrano™ — 10/10 variants, 51 images, 10 variant images
[2026-09-26T14:41:24.031Z] ✓ Victorian Mosaics — 5/5 variants, 22 images, 5 variant images
[2026-09-26T14:41:29.196Z] ✓ Amazone™ — 2/2 variants, 11 images, 2 variant images
[2026-09-26T14:41:43.708Z] ✓ Glass Splashbacks — 9/9 variants, 27 images, 9 variant images
[2026-09-26T14:41:47.217Z] ✓ Hemsworth™ — 4/4 variants, 18 images, 4 variant images
[2026-09-26T14:41:55.884Z] ✓ Everscape™ — 26/26 variants, 110 images, 26 variant images
[2026-09-26T14:41:58.068Z] ✓ BAL Protective Sealer — 2/2 variants, 2 images, 2 variant images
[2026-09-26T14:42:01.560Z] ✓ Azpects Easy Joint — 3/3 variants, 4 images, 3 variant images
[2026-09-26T14:42:04.022Z] ✓ BAL Max Flex White S1 Adhesive 20kg — 1/1 variants, 1 images, 1 variant images
[2026-09-26T14:42:08.194Z] ✓ BAL Single Part Fastflex Grey S2 Adhesive 12.5kg — 1/1 variants, 1 images, 1 variant images
[2026-09-26T14:42:19.814Z] ✓ BAL Turbo Set White 5kg — 2/2 variants, 2 images, 2 variant images
[2026-09-26T14:42:23.407Z] ✓ Excel Bond Slow Set Flexible Adhesive — 2/2 variants, 2 images, 2 variant images
[2026-09-26T14:42:25.148Z] ✓ BAL Micromax3 Grout — 41/41 variants, 78 images, 41 variant images
[2026-09-26T14:42:35.562Z] ✓ WEDI Bathboard Side Panel — 2/2 variants, 2 images, 2 variant images
[2026-09-26T14:42:39.918Z] ✓ Building Board - Wedi Fixings — 6/6 variants, 7 images, 6 variant images
[2026-09-26T14:42:40.646Z] ✓ Wedi Fundo Primo Sloping Board — 2/2 variants, 2 images, 2 variant images
[2026-09-26T14:42:50.919Z] ✓ WEDI Sanwell Wall Element with niche — 2/2 variants, 2 images, 2 variant images
[2026-09-26T14:42:50.919Z] progress 50/843 (ok 50, warnings 0, failed 0)
[2026-09-26T14:42:56.405Z] ✓ Regal® Door Bar — 4/4 variants, 6 images, 4 variant images
[2026-09-26T14:42:58.499Z] ✓ Foundry™ Trims — 8/8 variants, 12 images, 8 variant images
[2026-09-26T14:43:07.009Z] ✓ Regal™ Straight Edge Trim Ash — 6/6 variants, 8 images, 6 variant images
[2026-09-26T14:43:12.555Z] ✓ Straight Edge PVC Trim — 8/8 variants, 10 images, 8 variant images
[2026-09-26T14:43:14.349Z] ✓ ATG Maxiflex Work Glove — 2/2 variants, 2 images, 2 variant images
[2026-09-26T14:43:22.359Z] ✓ HardieBacker Backerboard 6mm — 2/2 variants, 2 images, 2 variant images
[2026-09-26T14:43:27.762Z] ✓ RUBI Diamond Blade CEV Wet - Accessories — 3/3 variants, 3 images, 3 variant images
[2026-09-26T14:43:29.624Z] ✓ RUBI Drill Bit 65mm Carbide - Drilling — 2/2 variants, 4 images, 2 variant images
[2026-09-26T14:43:35.817Z] ✓ RUBI Wide Chisel 60 — 1/1 variants, 1 images, 1 variant images
[2026-09-26T14:43:38.068Z] ✓ RUBI Grouter - Tools & Accessories — 2/2 variants, 2 images, 2 variant images
[2026-09-26T14:43:42.050Z] ✓ RUBI BL-Basic 60 — 1/1 variants, 1 images, 1 variant images
[2026-09-26T14:43:43.209Z] ✓ RUBI Paint Spatula SSteel PH — 5/5 variants, 5 images, 5 variant images
[2026-09-26T14:43:49.679Z] ✓ RUBI Tungsten Carbide Cutting Wheel Gold 10mm — 1/1 variants, 1 images, 1 variant images
[2026-09-26T14:43:56.940Z] ✓ RUBI Dry Cut Diamond Bit - Drilling — 11/11 variants, 18 images, 11 variant images
[2026-09-26T14:43:57.714Z] ✓ RUBI Rubiflex Tape Measure — 2/2 variants, 2 images, 2 variant images
[2026-09-26T14:44:05.381Z] ✓ Rubi Widia Tungsten Carbide Tile Scoring Wheel | Tiling Tools — 6/6 variants, 6 images, 6 variant images
[2026-09-26T14:44:11.757Z] ✓ Warmup Element Tempo Black — 3/3 variants, 6 images, 3 variant images
[2026-09-26T14:44:12.784Z] ✓ Warmup Insulating Board — 4/4 variants, 4 images, 4 variant images
[2026-09-26T14:44:20.308Z] ✓ Warmup Prowire 10 - 10.0m Under Tile Heating — 6/6 variants, 6 images, 6 variant images
[2026-09-26T14:44:26.795Z] ✓ RUBI Diamond Blade CPA Wet - Accessories — 5/5 variants, 5 images, 5 variant images
[2026-09-26T14:44:27.643Z] ✓ RUBI Fluid Mixer - Tools & Accessories — 2/2 variants, 2 images, 2 variant images
[2026-09-26T14:44:34.735Z] ✓ RUBI Hammer Black Rubber — 3/3 variants, 3 images, 3 variant images
[2026-09-26T14:44:40.360Z] ✓ BAL Silicone Sealant White 310ml — 1/1 variants, 1 images, 1 variant images
[2026-09-26T14:44:41.210Z] ✓ RUBI T Spacers — 4/4 variants, 4 images, 4 variant images
[2026-09-26T14:44:42.423Z] ✓ Galvanised Washers - Wedi Fixings — 2/2 variants, 2 images, 2 variant images
[2026-09-26T14:44:42.424Z] progress 75/843 (ok 75, warnings 0, failed 0)
[2026-09-26T14:44:59.221Z] ✓ Cemente™ — 6/6 variants, 19 images, 6 variant images
[2026-09-26T14:44:59.705Z] ✓ Split Face — 5/5 variants, 21 images, 5 variant images
[2026-09-26T14:45:05.517Z] ✓ Rhomba™ — 11/11 variants, 44 images, 11 variant images
[2026-09-26T14:45:14.390Z] ✓ Dakota Levelling Clip — 3/3 variants, 3 images, 3 variant images
[2026-09-26T14:45:19.697Z] ✓ RUBI Trowel Steel CPH — 4/4 variants, 4 images, 4 variant images
[2026-09-26T14:45:23.896Z] ✓ Victorian Flooring™ — 16/16 variants, 52 images, 16 variant images
[2026-09-26T14:45:29.255Z] ✓ RUBI Trowel Steel CRH — 5/5 variants, 5 images, 5 variant images
[2026-09-26T14:45:35.256Z] ✓ RUBI Trowel Steel CWH 28cm — 6/6 variants, 6 images, 6 variant images
[2026-09-26T14:45:39.207Z] ✓ RUBI Trowel Steel CWH — 6/6 variants, 6 images, 6 variant images
[2026-09-26T14:45:44.926Z] ✓ RUBI Trowel Steel ORH — 7/7 variants, 7 images, 7 variant images
[2026-09-26T14:45:50.575Z] ✓ RUBI Trowel SS INOX ORH — 7/7 variants, 7 images, 7 variant images
[2026-09-26T14:45:54.184Z] ✓ Rubi Rubiflex Trowel 45 Degree — 3/3 variants, 3 images, 3 variant images
[2026-09-26T14:45:59.378Z] ✓ Rubi Rubber Trowel Pro — 2/2 variants, 2 images, 2 variant images
[2026-09-26T14:45:59.768Z] ✓ RUBI Brick Trowel PFP01-140 — 1/1 variants, 1 images, 1 variant images
[2026-09-26T14:46:06.141Z] ✓ Rubi Brick Trowel PFP24 — 4/4 variants, 4 images, 4 variant images
[2026-09-26T14:46:14.770Z] ✓ RUBI Brick Trowel PFP05 — 2/2 variants, 2 images, 2 variant images
[2026-09-26T14:46:15.302Z] ✓ RUBI Brick Trowel PFP19 — 2/2 variants, 2 images, 2 variant images
[2026-09-26T14:46:20.873Z] ✓ RUBI Brick Trowel PFP22 — 2/2 variants, 2 images, 2 variant images
[2026-09-26T14:46:30.444Z] ✓ RUBI Plastic Float PH — 3/3 variants, 3 images, 3 variant images
[2026-09-26T14:46:30.907Z] ✓ RUBI Plastic Basket — 3/3 variants, 3 images, 3 variant images
[2026-09-26T14:46:37.240Z] ✓ RUBI Flat Chisel — 3/3 variants, 3 images, 3 variant images
[2026-09-26T14:46:45.719Z] ✓ RUBI Spatula Steel WH — 4/4 variants, 4 images, 4 variant images
[2026-09-26T14:46:46.126Z] ✓ RUBI Trowel SS INOX CWH — 2/2 variants, 2 images, 2 variant images
[2026-09-26T14:46:51.461Z] ✓ RUBI Spatula — 2/2 variants, 2 images, 2 variant images
[2026-09-26T14:46:52.581Z] ✓ RUBI R Sponge Float C 280x140 Pro — 1/1 variants, 1 images, 1 variant images
[2026-09-26T14:46:52.582Z] progress 100/843 (ok 100, warnings 0, failed 0)
[2026-09-26T14:46:57.715Z] ✓ RUBI R Sponge Float F 280x140 Pro — 1/1 variants, 1 images, 1 variant images
[2026-09-26T14:47:01.774Z] ✓ RUBI Rule Support Set — 2/2 variants, 2 images, 2 variant images
[2026-09-26T14:47:11.249Z] ✓ Complements™ Door Bar — 10/10 variants, 11 images, 10 variant images
[2026-09-26T14:47:13.284Z] ✓ Duraflex Movement Joint — 2/2 variants, 2 images, 2 variant images
[2026-09-26T14:47:17.181Z] ✓ Topps Tiles Fila Unpolished Protector — 2/2 variants, 4 images, 2 variant images
[2026-09-26T14:47:17.547Z] ✓ White 9mm Trim — 1/1 variants, 1 images, 1 variant images
[2026-09-26T14:47:28.428Z] ✓ Topps Tiles Straight Edge Trim — 8/8 variants, 8 images, 8 variant images
[2026-09-26T14:47:31.776Z] ✓ Topps Tiles Silver Quad Trim — 3/3 variants, 3 images, 3 variant images
[2026-09-26T14:47:32.391Z] ✓ Topps Tiles Square Edge Trim — 4/4 variants, 4 images, 4 variant images
[2026-09-26T14:47:42.820Z] ✓ RUBI Practic with Lateral Stop — 2/2 variants, 2 images, 2 variant images
[2026-09-26T14:47:46.138Z] ✓ RUBI Speed Magnet — 2/2 variants, 2 images, 2 variant images
[2026-09-26T14:47:46.619Z] ✓ RUBI Speed Magnet with Case — 2/2 variants, 2 images, 2 variant images
[2026-09-26T14:47:57.556Z] ✓ RUBI Brick Trowel PFM24 — 3/3 variants, 3 images, 3 variant images
[2026-09-26T14:48:00.864Z] ✓ RUBI-Brick-Trowel-PFM22 — 2/2 variants, 2 images, 2 variant images
[2026-09-26T14:48:13.181Z] ✓ Complements™ Trims — 43/43 variants, 61 images, 43 variant images
[2026-09-26T14:48:15.574Z] ✓ Adalene™ — 3/3 variants, 14 images, 3 variant images
[2026-09-26T14:48:19.939Z] ✓ Travertine Mosaics — 4/4 variants, 15 images, 4 variant images
[2026-09-26T14:48:30.815Z] ✓ Marble Mosaics — 3/3 variants, 7 images, 3 variant images
[2026-09-26T14:48:31.774Z] ✓ Travertine Tiles — 4/4 variants, 19 images, 4 variant images
[2026-09-26T14:48:35.085Z] ✓ Duraflex Grey Movement Joint — 3/3 variants, 3 images, 3 variant images
[2026-09-26T14:48:41.350Z] ✓ Emerale™ Marble Tile — 1/1 variants, 5 images, 1 variant images
[2026-09-26T14:48:46.881Z] ✓ Complements™ Z Bars — 5/5 variants, 6 images, 5 variant images
[2026-09-26T14:48:47.284Z] ✓ Statements™ Gatzby™ Marble Effect Tile — 1/1 variants, 5 images, 1 variant images
[2026-09-26T14:48:47.752Z] ✓ Stello™ — 2/2 variants, 10 images, 2 variant images
[2026-09-26T14:49:02.166Z] ✓ Outdoor Edging Joint — 3/3 variants, 3 images, 3 variant images
[2026-09-26T14:49:02.168Z] progress 125/843 (ok 125, warnings 0, failed 0)
[2026-09-26T14:49:02.639Z] ✓ Victoria — 2/2 variants, 9 images, 2 variant images
[2026-09-26T14:49:03.096Z] ✓ Outdoor Edging Corner Trims — 2/2 variants, 2 images, 2 variant images
[2026-09-26T14:49:09.847Z] ✓ Lustre White (30cm x 60cm) — 1/1 variants, 5 images, 1 variant images
[2026-09-26T14:49:18.028Z] ✓ Salerno — 2/2 variants, 10 images, 2 variant images
[2026-09-26T14:49:18.749Z] ✓ Topps Tiles Rapidset Flexible — 2/2 variants, 2 images, 2 variant images
[2026-09-26T14:49:24.695Z] ✓ Pedestal Extension — 2/2 variants, 2 images, 2 variant images
[2026-09-26T14:49:33.539Z] ✓ RUBI Long Spacers — 3/3 variants, 3 images, 3 variant images
[2026-09-26T14:49:35.947Z] ✓ RUBI Spacers — 15/15 variants, 15 images, 15 variant images
[2026-09-26T14:49:38.761Z] ✓ RUBI Wedges — 3/3 variants, 3 images, 3 variant images
[2026-09-26T14:49:45.264Z] ✓ Calacatta Tile (60cm x 60cm) — 1/1 variants, 6 images, 1 variant images
[2026-09-26T14:49:54.887Z] ✓ Elevo — 6/6 variants, 30 images, 6 variant images
[2026-09-26T14:50:01.028Z] ✓ Zellica™ — 17/17 variants, 78 images, 17 variant images
[2026-09-26T14:50:19.172Z] ✓ Kelsey™ — 3/3 variants, 15 images, 3 variant images
[2026-09-26T14:50:19.366Z] ✓ Matrix Trims — 46/46 variants, 52 images, 46 variant images
[2026-09-26T14:50:27.377Z] ✓ Pronto™ Luxury Vinyl Tiles — 37/37 variants, 159 images, 37 variant images
[2026-09-26T14:50:39.164Z] ✓ Ayce™ — 2/2 variants, 11 images, 2 variant images
[2026-09-26T14:50:42.212Z] ✓ Warmup Promat — 20/20 variants, 40 images, 20 variant images
[2026-09-26T14:50:47.217Z] ✓ Principle™ Tiles — 4/4 variants, 24 images, 4 variant images
[2026-09-26T14:51:00.306Z] ✓ Flute™ Tiles — 10/10 variants, 48 images, 10 variant images
[2026-09-26T14:51:00.599Z] ✓ Spectre™ — 4/4 variants, 22 images, 4 variant images
[2026-09-26T14:51:00.947Z] ✓ BAL All-In-One Plus Primer — 3/3 variants, 3 images, 3 variant images
[2026-09-26T14:51:15.673Z] ✓ Dural Multifloor Vinyl Tile Door Bar — 6/6 variants, 8 images, 6 variant images
[2026-09-26T14:51:16.872Z] ✓ BAL Grout Flex — 10/10 variants, 10 images, 10 variant images
[2026-09-26T14:51:19.914Z] ✓ Scotia Vinyl Tile Trim — 7/7 variants, 14 images, 7 variant images
[2026-09-26T14:51:24.286Z] ✓ Apuano™ Tile (60cm x 60cm) — 1/1 variants, 7 images, 1 variant images
[2026-09-26T14:51:24.287Z] progress 150/843 (ok 150, warnings 0, failed 0)
[2026-09-26T14:51:32.389Z] ✓ BAL Grout Flex Wide Joint — 10/10 variants, 10 images, 10 variant images
[2026-09-26T14:51:35.211Z] ✓ Stabila 70-2 Spirit Level — 3/3 variants, 3 images, 3 variant images
[2026-09-26T14:51:43.215Z] ✓ Everscape Enis™ — 6/6 variants, 28 images, 6 variant images
[2026-09-26T14:51:49.450Z] ✓ Dakota Levelling Tall Clips — 2/2 variants, 4 images, 2 variant images
[2026-09-26T14:51:55.842Z] ✓ Enis™ — 12/12 variants, 52 images, 12 variant images
[2026-09-26T14:51:58.048Z] ✓ Outdoor Box 20mm Trim 2.7m — 4/4 variants, 5 images, 4 variant images
[2026-09-26T14:52:04.181Z] ✓ Outdoor Box Corner Trim — 5/5 variants, 5 images, 5 variant images
[2026-09-26T14:52:09.992Z] ✓ Prossimo™ Tile — 1/1 variants, 9 images, 1 variant images
[2026-09-26T14:52:10.459Z] ✓ Cliq™ Tiles — 2/2 variants, 8 images, 2 variant images
[2026-09-26T14:52:12.826Z] ✓ Marshalltown Trowel — 2/2 variants, 2 images, 2 variant images
[2026-09-26T14:52:17.328Z] ✓ Bellingham™ Tile — 1/1 variants, 9 images, 1 variant images
[2026-09-26T14:52:25.262Z] ✓ Foundry™ Corners — 3/3 variants, 3 images, 3 variant images
[2026-09-26T14:52:27.461Z] ✓ Warmup 6iE Mini Thermostat — 2/2 variants, 8 images, 2 variant images
[2026-09-26T14:52:34.099Z] ✓ DEX Stainless Steel Notch Trowel — 4/4 variants, 12 images, 4 variant images
[2026-09-26T14:52:39.664Z] ✓ DEX T Spacers — 2/2 variants, 2 images, 2 variant images
[2026-09-26T14:52:42.548Z] ✓ DEX Spacers — 4/4 variants, 4 images, 4 variant images
[2026-09-26T14:52:51.525Z] ✓ Emberton™ Tiles — 4/4 variants, 20 images, 4 variant images
[2026-09-26T14:52:58.802Z] ✓ Quarry Tiles — 6/6 variants, 21 images, 6 variant images
[2026-09-26T14:52:59.651Z] ✓ Saplewood™ — 3/3 variants, 16 images, 3 variant images
[2026-09-26T14:53:05.239Z] ✓ Raimondi Medusa Single Suction Cup — 1/1 variants, 7 images, 1 variant images
[2026-09-26T14:53:07.294Z] ✓ Dural Clipper Transition Silver Door Bar — 2/2 variants, 3 images, 2 variant images
[2026-09-26T14:53:13.928Z] ✓ MyStone™ Blanco Tile (31.6cm x 60cm) — 1/1 variants, 10 images, 1 variant images
[2026-09-26T14:53:15.889Z] ✓ Outdoor Straight Edge Trim — 7/7 variants, 9 images, 7 variant images
[2026-09-26T14:53:24.115Z] ✓ Nordbon — 3/3 variants, 18 images, 3 variant images
[2026-09-26T14:53:28.957Z] ✓ Kerakoll H40 Advanced Adhesive — 2/2 variants, 4 images, 2 variant images
[2026-09-26T14:53:28.959Z] progress 175/843 (ok 175, warnings 0, failed 0)
[2026-09-26T14:53:31.222Z] ✓ Kerakoll H40 Gel Adhesive — 2/2 variants, 4 images, 2 variant images
[2026-09-26T14:53:46.212Z] ✓ Tilemaster Grout 3000 — 5/5 variants, 10 images, 5 variant images
[2026-09-26T14:53:48.944Z] ✓ Kapital™ — 12/12 variants, 54 images, 12 variant images
[2026-09-26T14:53:55.947Z] ✓ Trade Glossy White Tile (15cm x 15cm) — 1/1 variants, 2 images, 1 variant images
[2026-09-26T14:53:59.548Z] ✓ Laminate Panels — 32/32 variants, 82 images, 32 variant images
[2026-09-26T14:54:03.447Z] ✓ Tilemaster Silicone 3000 — 5/5 variants, 10 images, 5 variant images
[2026-09-26T14:54:13.892Z] ✓ Porcelain Panels — 3/3 variants, 16 images, 3 variant images
[2026-09-26T14:54:17.837Z] ✓ Multipanel Internal Corner Profile — 5/5 variants, 14 images, 5 variant images
[2026-09-26T14:54:20.608Z] ✓ Multipanel End Cap Profile — 5/5 variants, 14 images, 5 variant images
[2026-09-26T14:54:27.586Z] ✓ Multipanel Invisible Corner Profile 2.45m — 1/1 variants, 3 images, 1 variant images
[2026-09-26T14:54:33.150Z] ✓ Multipanel Flush Corner Profile — 5/5 variants, 14 images, 5 variant images
[2026-09-26T14:54:33.518Z] ✓ Multipanel Wall/Floor Base Profile Satin 2.45m — 1/1 variants, 2 images, 1 variant images
[2026-09-26T14:54:37.605Z] ✓ Multipanel Angle Profile — 5/5 variants, 13 images, 5 variant images
[2026-09-26T14:54:47.973Z] ✓ Multipanel Silicone — 5/5 variants, 8 images, 5 variant images
[2026-09-26T14:54:51.253Z] ✓ Broadway — 2/2 variants, 11 images, 2 variant images
[2026-09-26T14:54:54.837Z] ✓ Rise Matting — 6/6 variants, 20 images, 6 variant images
[2026-09-26T14:55:05.361Z] ✓ Capello™ — 3/3 variants, 13 images, 3 variant images
[2026-09-26T14:55:08.672Z] ✓ Acton™ — 6/6 variants, 17 images, 6 variant images
[2026-09-26T14:55:16.204Z] ✓ Compton™ — 6/6 variants, 32 images, 6 variant images
[2026-09-26T14:55:25.168Z] ✓ Briks™ — 4/4 variants, 25 images, 4 variant images
[2026-09-26T14:55:26.916Z] ✓ Carven™ — 2/2 variants, 14 images, 2 variant images
[2026-09-26T14:55:35.090Z] ✓ PreKast™ — 3/3 variants, 24 images, 3 variant images
[2026-09-26T14:55:44.526Z] ✓ Blossom™ — 5/5 variants, 26 images, 5 variant images
[2026-09-26T14:55:46.525Z] ✓ Cadence™ — 4/4 variants, 22 images, 4 variant images
[2026-09-26T14:55:51.240Z] ✓ Splashpanel End Cap White 2.4m — 1/1 variants, 4 images, 1 variant images
[2026-09-26T14:55:51.241Z] progress 200/843 (ok 200, warnings 0, failed 0)
[2026-09-26T14:55:53.638Z] ✓ Splashpanel Internal Corner White 2.4m — 1/1 variants, 4 images, 1 variant images
[2026-09-26T14:55:54.179Z] ✓ PVC Panels — 4/4 variants, 12 images, 4 variant images
[2026-09-26T14:55:57.973Z] ✓ Splashpanel External Corner White 2.4m — 1/1 variants, 4 images, 1 variant images
[2026-09-26T14:56:14.797Z] ✓ Skandi™ — 6/6 variants, 32 images, 6 variant images
[2026-09-26T14:56:15.543Z] ✓ Blaine — 4/4 variants, 18 images, 4 variant images
[2026-09-26T14:56:17.057Z] ✓ Essen™ — 9/9 variants, 42 images, 9 variant images
[2026-09-26T14:56:31.900Z] ✓ Kelham Loft™ — 3/3 variants, 17 images, 3 variant images
[2026-09-26T14:56:32.642Z] ✓ Gravatas™ — 2/2 variants, 11 images, 2 variant images
[2026-09-26T14:56:34.041Z] ✓ Austral — 3/3 variants, 19 images, 3 variant images
[2026-09-26T14:56:48.595Z] ✓ Novene™ Carrara — 3/3 variants, 19 images, 3 variant images
[2026-09-26T14:56:49.777Z] ✓ Ambrose Onyx™ — 3/3 variants, 18 images, 3 variant images
[2026-09-26T14:56:53.849Z] ✓ XL Luxury Vinyl Tiles — 6/6 variants, 36 images, 6 variant images
[2026-09-26T14:57:07.613Z] ✓ Mayer™ Onyx — 4/4 variants, 23 images, 4 variant images
[2026-09-26T14:57:10.564Z] ✓ Roselle — 2/2 variants, 14 images, 2 variant images
[2026-09-26T14:57:16.825Z] ✓ Acoustic Wood Wall Panels — 16/16 variants, 76 images, 16 variant images
[2026-09-26T14:57:25.259Z] ✓ Brunswick — 2/2 variants, 12 images, 2 variant images
[2026-09-26T14:57:29.382Z] ✓ Geomantic™ — 3/3 variants, 16 images, 3 variant images
[2026-09-26T14:57:31.470Z] ✓ Dural Pentagonal Patterned Corner Shelf — 4/4 variants, 4 images, 4 variant images
[2026-09-26T14:57:39.909Z] ✓ Dural Pentagonal Patterned Corner Shelf with Railing and Hanger — 4/4 variants, 4 images, 4 variant images
[2026-09-26T14:57:44.119Z] ✓ Dural Triangular Corner Shelf — 4/4 variants, 4 images, 4 variant images
[2026-09-26T14:57:46.763Z] ✓ Dural Pentagonal Corner Shelf — 4/4 variants, 4 images, 4 variant images
[2026-09-26T14:57:54.820Z] ✓ Dural Pentagonal Corner Shelf With Railing and Hanger — 4/4 variants, 4 images, 4 variant images
[2026-09-26T14:57:58.601Z] ✓ Dural Triangular Patterned Shelf — 4/4 variants, 4 images, 4 variant images
[2026-09-26T14:58:01.241Z] ✓ Dural Triangular Patterned Shelf With Railing and Hanger — 4/4 variants, 4 images, 4 variant images
[2026-09-26T14:58:07.460Z] ✓ Statements™ Casablanca Tile (45.2cm x 45.2cm) — 1/1 variants, 9 images, 1 variant images
[2026-09-26T14:58:07.462Z] progress 225/843 (ok 225, warnings 0, failed 0)
[2026-09-26T14:58:15.799Z] ✓ Statements™ Marrakesh Tile (45.2cm x 45.2cm) — 1/1 variants, 3 images, 1 variant images
[2026-09-26T14:58:16.278Z] ✓ Durabase Warpseal Self-Adhesive Sealing Mat — 3/3 variants, 3 images, 3 variant images
[2026-09-26T14:58:18.760Z] ✓ Ribbon™ — 5/5 variants, 31 images, 5 variant images
[2026-09-26T14:58:23.473Z] ✓ Adjustable Metal Pedestal 95-115mm — 1/1 variants, 4 images, 1 variant images
[2026-09-26T14:58:34.416Z] ✓ UltraTile ProGrout Flowable Grout — 4/4 variants, 8 images, 4 variant images
[2026-09-26T14:58:35.147Z] ✓ UltraTile ProPave Brush-In Grout — 4/4 variants, 19 images, 4 variant images
[2026-09-26T14:58:41.215Z] ✓ Everscape™ Kemble™ — 4/4 variants, 19 images, 4 variant images
[2026-09-26T14:58:49.286Z] ✓ Outdoor Perimeter Corner Trim — 4/4 variants, 8 images, 4 variant images
[2026-09-26T14:58:50.007Z] ✓ Outdoor Perimeter Trim — 4/4 variants, 10 images, 4 variant images
[2026-09-26T14:58:56.572Z] ✓ Dural U-Drain Pro 65mm Wide Drainage Channel — 2/2 variants, 2 images, 2 variant images
[2026-09-26T14:59:04.373Z] ✓ Dural U-Drain Pro 65mm Wide Drainage Channel Silver — 2/2 variants, 2 images, 2 variant images
[2026-09-26T14:59:05.089Z] ✓ Dural U-Drain Pro 65mm Wide Corner Piece — 2/2 variants, 2 images, 2 variant images
[2026-09-26T14:59:11.267Z] ✓ Dural U-Drain Pro 105mm Wide Corner Piece — 2/2 variants, 2 images, 2 variant images
[2026-09-26T14:59:19.982Z] ✓ Dural U-Drain Pro 105mm Wide T-Piece Connector — 2/2 variants, 2 images, 2 variant images
[2026-09-26T14:59:20.688Z] ✓ Dural U-Drain Pro 105mm Wide Drainage Channel Silver — 2/2 variants, 2 images, 2 variant images
[2026-09-26T14:59:27.926Z] ✓ Dural U-Drain Pro 105mm Wide Drainage Channel Black — 2/2 variants, 2 images, 2 variant images
[2026-09-26T14:59:35.714Z] ✓ Dural U-Drain Pro Universal Connector — 2/2 variants, 2 images, 2 variant images
[2026-09-26T14:59:36.542Z] ✓ Dural U-Drain Pro 65mm Wide Vertical Drain Support — 2/2 variants, 2 images, 2 variant images
[2026-09-26T14:59:46.400Z] ✓ Everscape™ Interlock — 4/4 variants, 22 images, 4 variant images
[2026-09-26T14:59:50.093Z] ✓ DEX Manual Cutter — 2/2 variants, 8 images, 2 variant images
[2026-09-26T14:59:54.431Z] ✓ Aluminium Splashbacks — 3/3 variants, 19 images, 3 variant images
[2026-09-26T15:00:03.142Z] ✓ RUBI RP Magnet Manual Cutter — 4/4 variants, 11 images, 4 variant images
[2026-09-26T15:00:04.133Z] ✓ Dural U-Drain Pro 65mm Wide T-Piece Connector — 2/2 variants, 2 images, 2 variant images
[2026-09-26T15:00:09.609Z] ✓ Dural U-Drain Pro End Cap — 2/2 variants, 2 images, 2 variant images
[2026-09-26T15:00:20.257Z] ✓ Nepal — 2/2 variants, 10 images, 2 variant images
[2026-09-26T15:00:20.258Z] progress 250/843 (ok 250, warnings 0, failed 0)
[2026-09-26T15:00:22.437Z] ✓ Vernon — 3/3 variants, 16 images, 3 variant images
[2026-09-26T15:00:28.679Z] ✓ Cotto — 4/4 variants, 22 images, 4 variant images
[2026-09-26T15:00:37.553Z] ✓ Aries™ — 3/3 variants, 18 images, 3 variant images
[2026-09-26T15:00:44.958Z] ✓ Kemble™ — 9/9 variants, 41 images, 9 variant images
[2026-09-26T15:00:50.776Z] ✓ BAL Micromax Grout-Effect Sealant — 20/20 variants, 41 images, 20 variant images
[2026-09-26T15:00:56.752Z] ✓ Getty™ — 2/2 variants, 12 images, 2 variant images
[2026-09-26T15:01:03.280Z] ✓ Pikko™ — 4/4 variants, 19 images, 4 variant images
[2026-09-26T15:01:11.999Z] ✓ Engineered Wood Flooring — 6/6 variants, 31 images, 6 variant images
[2026-09-26T15:01:29.683Z] ✓ Warmup DCM-Pro-C Cable — 17/17 variants, 35 images, 17 variant images
[2026-09-26T15:01:30.587Z] ✓ Laminate Flooring — 17/17 variants, 82 images, 17 variant images
[2026-09-26T15:01:31.679Z] ✓ Warmup DCM-Pro Peel and Stick — 2/2 variants, 8 images, 2 variant images
[2026-09-26T15:01:38.114Z] ✓ Lakestone Grey XL Tile (120cm x 60cm) — 1/1 variants, 10 images, 1 variant images
[2026-09-26T15:01:39.104Z] ✓ Newstone White XL Tile (120cm x 120cm) — 1/1 variants, 4 images, 1 variant images
[2026-09-26T15:01:45.534Z] ✓ Grava Light Grey XL Tile (120cm x 120cm) — 1/1 variants, 4 images, 1 variant images
[2026-09-26T15:01:46.268Z] ✓ Faraway Grey XL Tile (120cm x 60cm) — 1/1 variants, 9 images, 1 variant images
[2026-09-26T15:01:47.746Z] ✓ Warmup DCM-Pro Fleece Backed — 2/2 variants, 8 images, 2 variant images
[2026-09-26T15:01:52.420Z] ✓ Vision Black XL Tile (59.5cm x 119.5cm) — 1/1 variants, 9 images, 1 variant images
[2026-09-26T15:01:53.351Z] ✓ Brave Onyx XL Tile (120cm x 60cm) — 1/1 variants, 10 images, 1 variant images
[2026-09-26T15:01:58.606Z] ✓ Paonazzo Calacatta XL Tile (119.8cm x 59.8cm) — 1/1 variants, 11 images, 1 variant images
[2026-09-26T15:01:59.453Z] ✓ Monet Calacatta XL Tile (119.8cm x 119.8cm) — 1/1 variants, 10 images, 1 variant images
[2026-09-26T15:02:00.776Z] ✓ Verde Bosco XL Tile (59.5cm x 119.5cm) — 1/1 variants, 6 images, 1 variant images
[2026-09-26T15:02:06.157Z] ✓ Invisible Grey XL Tile (120cm x 120cm) — 1/1 variants, 4 images, 1 variant images
[2026-09-26T15:02:16.653Z] ✓ Crisp — 2/2 variants, 11 images, 2 variant images
[2026-09-26T15:02:19.917Z] ✓ Kasota™ — 5/5 variants, 25 images, 5 variant images
[2026-09-26T15:02:20.197Z] ✓ Jackoboard Plano Construction Board 6mm — 2/2 variants, 2 images, 2 variant images
[2026-09-26T15:02:20.197Z] progress 275/843 (ok 275, warnings 0, failed 0)
[2026-09-26T15:02:34.341Z] ✓ BAL Absolute Grout — 3/3 variants, 7 images, 3 variant images
[2026-09-26T15:02:40.351Z] ✓ Wiven™ — 6/6 variants, 28 images, 6 variant images
[2026-09-26T15:02:41.074Z] ✓ Porcelain Splashbacks — 12/12 variants, 54 images, 12 variant images
[2026-09-26T15:02:54.925Z] ✓ Pavo — 6/6 variants, 29 images, 6 variant images
[2026-09-26T15:02:55.838Z] ✓ Marcrist MM850 AkkuMAX — 3/3 variants, 6 images, 3 variant images
[2026-09-26T15:03:00.257Z] ✓ Rivona™ — 4/4 variants, 21 images, 4 variant images
[2026-09-26T15:03:09.522Z] ✓ Marcrist CD850 AkkuMAX — 2/2 variants, 4 images, 2 variant images
[2026-09-26T15:03:13.048Z] ✓ Astoria — 3/3 variants, 14 images, 3 variant images
[2026-09-26T15:03:18.373Z] ✓ Portland — 4/4 variants, 23 images, 4 variant images
[2026-09-26T15:03:27.034Z] ✓ Istrian — 3/3 variants, 15 images, 3 variant images
[2026-09-26T15:03:30.804Z] ✓ Palladium — 4/4 variants, 20 images, 4 variant images
[2026-09-26T15:03:33.203Z] ✓ Urban — 2/2 variants, 10 images, 2 variant images
[2026-09-26T15:03:45.301Z] ✓ BAL Terrace Grout — 4/4 variants, 8 images, 4 variant images
[2026-09-26T15:03:47.830Z] ✓ Mas — 8/8 variants, 33 images, 8 variant images
[2026-09-26T15:03:51.628Z] ✓ Elko — 6/6 variants, 20 images, 6 variant images
[2026-09-26T15:04:00.595Z] ✓ Excel Bond Tiling Primer — 2/2 variants, 2 images, 2 variant images
[2026-09-26T15:04:07.232Z] ✓ Kanvas™ — 5/5 variants, 26 images, 5 variant images
[2026-09-26T15:04:09.245Z] ✓ Palma — 3/3 variants, 16 images, 3 variant images
[2026-09-26T15:04:18.145Z] ✓ Marcrist PG750X Dry Tile Drill Bit — 9/9 variants, 16 images, 9 variant images
[2026-09-26T15:04:21.175Z] ✓ Marcrist FZ850 Diamond Cutting Blade — 2/2 variants, 10 images, 2 variant images
[2026-09-26T15:04:26.044Z] ✓ Iceland — 2/2 variants, 11 images, 2 variant images
[2026-09-26T15:04:38.253Z] ✓ Tanjin™ — 6/6 variants, 36 images, 6 variant images
[2026-09-26T15:04:38.544Z] ✓ Henlow™ — 2/2 variants, 13 images, 2 variant images
[2026-09-26T15:04:45.723Z] ✓ Opalia™ — 6/6 variants, 30 images, 6 variant images
[2026-09-26T15:04:57.614Z] ✓ Timeless™ — 6/6 variants, 22 images, 6 variant images
[2026-09-26T15:04:57.615Z] progress 300/843 (ok 300, warnings 0, failed 0)
[2026-09-26T15:05:01.154Z] ✓ Earthen — 9/9 variants, 42 images, 9 variant images
[2026-09-26T15:05:02.065Z] ✓ Fitzrovia — 2/2 variants, 11 images, 2 variant images
[2026-09-26T15:05:15.261Z] ✓ Warmup 7iE Thermostat — 3/3 variants, 12 images, 3 variant images
[2026-09-26T15:05:17.376Z] ✓ Reno Mosaics — 2/2 variants, 8 images, 2 variant images
[2026-09-26T15:05:19.821Z] ✓ Renew — 4/4 variants, 19 images, 4 variant images
[2026-09-26T15:05:23.665Z] ✓ Spectrum Mix Glass Mosaic Tile — 1/1 variants, 5 images, 1 variant images
[2026-09-26T15:05:30.720Z] ✓ Picket Mix Mosaics — 2/2 variants, 10 images, 2 variant images
[2026-09-26T15:05:36.697Z] ✓ Bela Navy Mosaic Tile — 1/1 variants, 6 images, 1 variant images
[2026-09-26T15:05:37.515Z] ✓ Arno Oval Mosaics — 4/4 variants, 13 images, 4 variant images
[2026-09-26T15:05:38.863Z] ✓ Aragon Mosaics — 2/2 variants, 8 images, 2 variant images
[2026-09-26T15:05:43.685Z] ✓ Metal Penny Mosaic Tile — 1/1 variants, 6 images, 1 variant images
[2026-09-26T15:05:44.575Z] ✓ Laureto Beige Tile (59.8cm x 119.8cm) — 1/1 variants, 7 images, 1 variant images
[2026-09-26T15:05:50.013Z] ✓ Campagna Artisan Taupe Tile (7.5cm x 15cm) — 1/1 variants, 3 images, 1 variant images
[2026-09-26T15:05:58.478Z] ✓ Emotion — 5/5 variants, 19 images, 5 variant images
[2026-09-26T15:06:02.987Z] ✓ Tatten — 3/3 variants, 15 images, 3 variant images
[2026-09-26T15:06:08.273Z] ✓ Tarssian — 2/2 variants, 14 images, 2 variant images
[2026-09-26T15:06:09.198Z] ✓ Lux Grey XL Tile (120cm x 120cm) — 1/1 variants, 8 images, 1 variant images
[2026-09-26T15:06:15.371Z] ✓ Nouveau White XL Tile (120cm x 120cm) — 1/1 variants, 9 images, 1 variant images
[2026-09-26T15:06:16.071Z] ✓ Onyx Grey XL Tile (120cm x 120cm) — 1/1 variants, 8 images, 1 variant images
[2026-09-26T15:06:17.405Z] ✓ Florrial — 3/3 variants, 14 images, 3 variant images
[2026-09-26T15:06:22.735Z] ✓ Borgogna Stone XL Tile (120cm x 120cm) — 1/1 variants, 9 images, 1 variant images
[2026-09-26T15:06:23.550Z] ✓ Calacatta Gold XL Tile (120cm x 120cm) — 1/1 variants, 9 images, 1 variant images
[2026-09-26T15:06:24.910Z] ✓ Fiori Grey XL Tile (120cm x 120cm) — 1/1 variants, 9 images, 1 variant images
[2026-09-26T15:06:29.168Z] ✓ Labrodite XL Tile (120cm x 120cm) — 1/1 variants, 9 images, 1 variant images
[2026-09-26T15:06:42.239Z] ✓ Inigo — 2/2 variants, 14 images, 2 variant images
[2026-09-26T15:06:42.240Z] progress 325/843 (ok 325, warnings 0, failed 0)
[2026-09-26T15:06:42.922Z] ✓ Azpects Easy Joint Porcelain Brush-In Grout — 2/2 variants, 12 images, 2 variant images
[2026-09-26T15:06:44.212Z] ✓ Black Mamba Nitrile Gloves — 2/2 variants, 6 images, 2 variant images
[2026-09-26T15:06:48.882Z] ✓ Yorkshire Grey Oak Luxury Vinyl Tile — 1/1 variants, 5 images, 1 variant images
[2026-09-26T15:06:49.704Z] ✓ Lesedi Oak Luxury Vinyl Tile — 1/1 variants, 5 images, 1 variant images
[2026-09-26T15:07:06.953Z] ✓ Bowden — 3/3 variants, 17 images, 3 variant images
[2026-09-26T15:07:07.906Z] ✓ Everscape™ Winsford — 3/3 variants, 15 images, 3 variant images
[2026-09-26T15:07:11.933Z] ✓ Galletti™ — 12/12 variants, 61 images, 12 variant images
[2026-09-26T15:07:21.956Z] ✓ Triunfo — 3/3 variants, 10 images, 3 variant images
[2026-09-26T15:07:25.834Z] ✓ Arenite — 3/3 variants, 10 images, 3 variant images
[2026-09-26T15:07:26.835Z] ✓ Amstel — 4/4 variants, 24 images, 4 variant images
[2026-09-26T15:07:41.097Z] ✓ Onea — 2/2 variants, 9 images, 2 variant images
[2026-09-26T15:07:41.832Z] ✓ Jewell — 2/2 variants, 10 images, 2 variant images
[2026-09-26T15:07:43.493Z] ✓ Elementi — 9/9 variants, 36 images, 9 variant images
[2026-09-26T15:07:56.231Z] ✓ Paleo — 2/2 variants, 9 images, 2 variant images
[2026-09-26T15:08:01.492Z] ✓ Station — 5/5 variants, 25 images, 5 variant images
[2026-09-26T15:08:02.483Z] ✓ Zellige — 5/5 variants, 25 images, 5 variant images
[2026-09-26T15:08:16.917Z] ✓ Ares — 6/6 variants, 32 images, 6 variant images
[2026-09-26T15:08:17.223Z] ✓ Verona — 2/2 variants, 10 images, 2 variant images
[2026-09-26T15:08:20.088Z] ✓ Austral Outdoor — 4/4 variants, 20 images, 4 variant images
[2026-09-26T15:08:31.909Z] ✓ Elegant — 2/2 variants, 10 images, 2 variant images
[2026-09-26T15:08:35.632Z] ✓ Pulse — 4/4 variants, 16 images, 4 variant images
[2026-09-26T15:08:38.073Z] ✓ Klink Terracotta Tile (29.7cm x 29.7cm) — 1/1 variants, 3 images, 1 variant images
[2026-09-26T15:08:39.420Z] ✓ Homestone — 5/5 variants, 30 images, 5 variant images
[2026-09-26T15:08:50.757Z] ✓ Merletto — 2/2 variants, 10 images, 2 variant images
[2026-09-26T15:08:56.095Z] ✓ Native — 3/3 variants, 19 images, 3 variant images
[2026-09-26T15:08:56.097Z] progress 350/843 (ok 350, warnings 0, failed 0)
[2026-09-26T15:08:57.394Z] ✓ Rialto — 4/4 variants, 18 images, 4 variant images
[2026-09-26T15:09:03.402Z] ✓ Silk White Tile (30cm x 60cm) — 1/1 variants, 5 images, 1 variant images
[2026-09-26T15:09:08.175Z] ✓ Rockstone — 2/2 variants, 11 images, 2 variant images
[2026-09-26T15:09:13.831Z] ✓ Rustic — 4/4 variants, 13 images, 4 variant images
[2026-09-26T15:09:20.771Z] ✓ Souk — 3/3 variants, 11 images, 3 variant images
[2026-09-26T15:09:27.670Z] ✓ Bellevue — 6/6 variants, 25 images, 6 variant images
[2026-09-26T15:09:31.182Z] ✓ Illusion — 4/4 variants, 18 images, 4 variant images
[2026-09-26T15:09:37.955Z] ✓ Marrakesh — 4/4 variants, 18 images, 4 variant images
[2026-09-26T15:09:44.466Z] ✓ Winsford™ — 3/3 variants, 17 images, 3 variant images
[2026-09-26T15:09:48.214Z] ✓ Rainwood — 2/2 variants, 12 images, 2 variant images
[2026-09-26T15:09:53.407Z] ✓ Tenby Beige XL Tile (120cm x 120cm) — 1/1 variants, 12 images, 1 variant images
[2026-09-26T15:09:58.570Z] ✓ Nodis — 6/6 variants, 33 images, 6 variant images
[2026-09-26T15:10:04.746Z] ✓ Varino Bone Tile (30cm x 60cm) — 1/1 variants, 6 images, 1 variant images
[2026-09-26T15:10:14.286Z] ✓ Real Wood Veneer Flooring — 10/10 variants, 52 images, 10 variant images
[2026-09-26T15:10:25.824Z] ✓ Claverstone — 6/6 variants, 28 images, 6 variant images
[2026-09-26T15:10:32.975Z] ✓ Manhattan Gris Outdoor Tile (60cm x 90cm) — 1/1 variants, 6 images, 1 variant images
[2026-09-26T15:10:33.500Z] ✓ SPC Flooring — 30/30 variants, 137 images, 30 variant images
[2026-09-26T15:10:39.214Z] ✓ Brayford — 9/9 variants, 42 images, 9 variant images
[2026-09-26T15:10:39.407Z] ✓ Kansas Bone Outdoor Tile (60cm x 90cm) — 1/1 variants, 8 images, 1 variant images
[2026-09-26T15:10:39.848Z] ✓ Overland Greige Outdoor Tile (60cm x 60cm) — 1/1 variants, 5 images, 1 variant images
[2026-09-26T15:10:47.033Z] ✓ BAL Green Star Adhesive 15kg — 1/1 variants, 1 images, 1 variant images
[2026-09-26T15:10:52.969Z] ✓ BAL Rapid-Flex Fibre Plus White S1 Adhesive 20kg — 1/1 variants, 1 images, 1 variant images
[2026-09-26T15:10:55.979Z] ✓ Wood Skirting Boards — 5/5 variants, 10 images, 5 variant images
[2026-09-26T15:10:58.764Z] ✓ PVC Skirting Boards — 7/7 variants, 13 images, 7 variant images
[2026-09-26T15:10:59.790Z] ✓ BAL White Star Plus Adhesive 10ltr — 1/1 variants, 1 images, 1 variant images
[2026-09-26T15:10:59.791Z] progress 375/843 (ok 375, warnings 0, failed 0)
[2026-09-26T15:11:02.988Z] ✓ PC Heat Resistant S1 Adhesive 10kg — 1/1 variants, 1 images, 1 variant images
[2026-09-26T15:11:05.967Z] ✓ Excel Bond Super-Flex Single Part White S2 Adhesive 20kg — 1/1 variants, 1 images, 1 variant images
[2026-09-26T15:11:07.063Z] ✓ Homelux White 6mm Trim — 1/1 variants, 1 images, 1 variant images
[2026-09-26T15:11:10.790Z] ✓ wedi Bathboard End Panel 770mmx600mmx20mm — 1/1 variants, 1 images, 1 variant images
[2026-09-26T15:11:13.493Z] ✓ wedi Mensolo L Angle Unit 200mmx200mm — 1/1 variants, 1 images, 1 variant images
[2026-09-26T15:11:14.676Z] ✓ wedi Sanoasa Bench 4 — 1/1 variants, 1 images, 1 variant images
[2026-09-26T15:11:18.108Z] ✓ wedi Sanoasa Corner Seat — 1/1 variants, 1 images, 1 variant images
[2026-09-26T15:11:20.869Z] ✓ Warmup MTC Thermostat — 1/1 variants, 2 images, 1 variant images
[2026-09-26T15:11:21.991Z] ✓ wedi Mensolo U Angle Unit 200mmx200mx200mm — 1/1 variants, 1 images, 1 variant images
[2026-09-26T15:11:25.211Z] ✓ Foundry™ Wax 50g — 1/1 variants, 2 images, 1 variant images
[2026-09-26T15:11:28.431Z] ✓ BAL Micro-Shield Plus — 1/1 variants, 1 images, 1 variant images
[2026-09-26T15:11:29.433Z] ✓ Durabase Sealing Strip — 1/1 variants, 1 images, 1 variant images
[2026-09-26T15:11:32.504Z] ✓ Fila Colour Intensifier 1ltr — 1/1 variants, 3 images, 1 variant images
[2026-09-26T15:11:35.256Z] ✓ Fila Stone Cement Residue Remover 1ltr — 1/1 variants, 2 images, 1 variant images
[2026-09-26T15:11:36.413Z] ✓ Fila Porcelain Cement Residue Remover 1ltr — 1/1 variants, 2 images, 1 variant images
[2026-09-26T15:11:39.541Z] ✓ Fila Grout Cleaner — 1/1 variants, 4 images, 1 variant images
[2026-09-26T15:11:42.283Z] ✓ Fila Grout Sealer — 1/1 variants, 2 images, 1 variant images
[2026-09-26T15:11:43.444Z] ✓ Excel Bond Self Smoothing 20kg — 1/1 variants, 1 images, 1 variant images
[2026-09-26T15:11:46.597Z] ✓ Fila Multi Surface Cleaner 1ltr — 1/1 variants, 2 images, 1 variant images
[2026-09-26T15:11:49.321Z] ✓ Fila Multi Surface Stain Remover 500ml — 1/1 variants, 2 images, 1 variant images
[2026-09-26T15:11:50.484Z] ✓ Ultra Level It One Fibre Plus — 1/1 variants, 1 images, 1 variant images
[2026-09-26T15:11:53.689Z] ✓ wedi 610 Adhesive Silicone Sealant 310ml — 1/1 variants, 1 images, 1 variant images
[2026-09-26T15:11:56.443Z] ✓ BAL Primer APD 2.5ltr — 1/1 variants, 1 images, 1 variant images
[2026-09-26T15:11:57.575Z] ✓ RUBI Kit Rubiclean Pro — 1/1 variants, 1 images, 1 variant images
[2026-09-26T15:12:00.686Z] ✓ Ultra Level It 2 (Liquid) 4ltr - Part 2 — 1/1 variants, 2 images, 1 variant images
[2026-09-26T15:12:00.687Z] progress 400/843 (ok 400, warnings 0, failed 0)
[2026-09-26T15:12:03.485Z] ✓ Ultra Level It 2 (Powder) 20kg - Part 1 — 1/1 variants, 2 images, 1 variant images
[2026-09-26T15:12:04.645Z] ✓ Ultra Level It One Self Levelling Compound 20kg — 1/1 variants, 1 images, 1 variant images
[2026-09-26T15:12:07.788Z] ✓ Residual Circuit Device — 1/1 variants, 1 images, 1 variant images
[2026-09-26T15:12:11.220Z] ✓ Warmup Insulating Glass Fibre Tape — 1/1 variants, 1 images, 1 variant images
[2026-09-26T15:12:12.472Z] ✓ Warmup Replacement Probe 4iE 3iE Tempo — 1/1 variants, 1 images, 1 variant images
[2026-09-26T15:12:18.897Z] ✓ Durabase CI++ Matting 1m² — 1/1 variants, 1 images, 1 variant images
[2026-09-26T15:12:19.660Z] ✓ HardieBacker Floor Screws 25mm — 1/1 variants, 1 images, 1 variant images
[2026-09-26T15:12:25.694Z] ✓ HardieBacker Score-and-snap knife — 1/1 variants, 1 images, 1 variant images
[2026-09-26T15:12:26.127Z] ✓ BAL Mixing Bucket — 2/2 variants, 2 images, 2 variant images
[2026-09-26T15:12:26.657Z] ✓ HardieBacker Tape 15m — 1/1 variants, 1 images, 1 variant images
[2026-09-26T15:12:33.575Z] ✓ HardieBacker Wall Screws 35mm — 1/1 variants, 1 images, 1 variant images
[2026-09-26T15:12:34.017Z] ✓ RUBI 3 Pad Set High 25cm Replacement — 1/1 variants, 1 images, 1 variant images
[2026-09-26T15:12:34.444Z] ✓ RUBI Aluminium Handle — 1/1 variants, 2 images, 1 variant images
[2026-09-26T15:12:40.588Z] ✓ RUBI Aluminium Scraper for Cast — 1/1 variants, 1 images, 1 variant images
[2026-09-26T15:12:41.273Z] ✓ RUBI Bob Plumb 600 — 1/1 variants, 1 images, 1 variant images
[2026-09-26T15:12:41.734Z] ✓ RUBI 3 Pad Set Medium 25cm Replacement — 1/1 variants, 1 images, 1 variant images
[2026-09-26T15:12:48.120Z] ✓ RUBI 3 Pad Set V Soft 25cm Replacement — 1/1 variants, 1 images, 1 variant images
[2026-09-26T15:12:48.566Z] ✓ RUBI Brick Trowel PFM23-180 A — 1/1 variants, 1 images, 1 variant images
[2026-09-26T15:12:49.022Z] ✓ RUBI Brick Trowel PFM55-165 — 1/1 variants, 1 images, 1 variant images
[2026-09-26T15:12:55.942Z] ✓ RUBI Brick Trowel PFP23-185 B — 1/1 variants, 1 images, 1 variant images
[2026-09-26T15:12:56.378Z] ✓ RUBI Brick Trowel PFP33-170x50 — 1/1 variants, 1 images, 1 variant images
[2026-09-26T15:13:03.118Z] ✓ RUBI Carbide Saw Concrete Blocks — 1/1 variants, 1 images, 1 variant images
[2026-09-26T15:13:03.568Z] ✓ RUBI Ceramic Block Diamond Blade — 1/1 variants, 1 images, 1 variant images
[2026-09-26T15:13:08.175Z] ✓ RUBI Cable with Plug — 2/2 variants, 2 images, 2 variant images
[2026-09-26T15:13:10.201Z] ✓ RUBI Ceramic Block Tiles — 1/1 variants, 1 images, 1 variant images
[2026-09-26T15:13:10.201Z] progress 425/843 (ok 425, warnings 0, failed 0)
[2026-09-26T15:13:10.677Z] ✓ RUBI Chuck — 1/1 variants, 1 images, 1 variant images
[2026-09-26T15:13:15.354Z] ✓ RUBI Chuck Key — 1/1 variants, 1 images, 1 variant images
[2026-09-26T15:13:17.518Z] ✓ RUBI Construction Pencil — 1/1 variants, 1 images, 1 variant images
[2026-09-26T15:13:17.976Z] ✓ RUBI Counter Gage — 1/1 variants, 1 images, 1 variant images
[2026-09-26T15:13:23.527Z] ✓ RUBI Diamant ND-200 — 1/1 variants, 1 images, 1 variant images
[2026-09-26T15:13:25.581Z] ✓ RUBI Diamond Blade CPC2 230 Wet — 1/1 variants, 1 images, 1 variant images
[2026-09-26T15:13:26.011Z] ✓ RUBI Diamond Blade CPC2 300 Wet — 1/1 variants, 1 images, 1 variant images
[2026-09-26T15:13:30.576Z] ✓ RUBI Diamond Blade CSV 125 Dry — 1/1 variants, 1 images, 1 variant images
[2026-09-26T15:13:32.636Z] ✓ RUBI Diamond Blade S115-BL Dry — 1/1 variants, 1 images, 1 variant images
[2026-09-26T15:13:33.098Z] ✓ RUBI Diamond Blade SHR 350 Wet — 1/1 variants, 1 images, 1 variant images
[2026-09-26T15:13:37.670Z] ✓ RUBI Diamond Blade T115-BL Dry — 1/1 variants, 1 images, 1 variant images
[2026-09-26T15:13:39.771Z] ✓ RUBI Diamond Blade T230-BL Dry — 1/1 variants, 1 images, 1 variant images
[2026-09-26T15:13:40.279Z] ✓ RUBI Diamond Blade TCR 230 Dry — 1/1 variants, 1 images, 1 variant images
[2026-09-26T15:13:45.953Z] ✓ RUBI Diamond Blade TON 250 Wet — 1/1 variants, 1 images, 1 variant images
[2026-09-26T15:13:47.963Z] ✓ RUBI Ear Protector — 1/1 variants, 1 images, 1 variant images
[2026-09-26T15:13:48.385Z] ✓ RUBI Flexible Trowel PH — 1/1 variants, 1 images, 1 variant images
[2026-09-26T15:13:53.119Z] ✓ RUBI foragres Kit — 1/1 variants, 1 images, 1 variant images
[2026-09-26T15:13:55.154Z] ✓ RUBI Framer Hammer Mag RH 500 — 1/1 variants, 1 images, 1 variant images
[2026-09-26T15:13:55.533Z] ✓ RUBI Glue Bars 175 (25) — 1/1 variants, 1 images, 1 variant images
[2026-09-26T15:14:00.215Z] ✓ RUBI Brick Trowel PFP23-180 A — 1/1 variants, 2 images, 1 variant images
[2026-09-26T15:14:02.266Z] ✓ RUBI Brick Trowel PFP25-180 — 1/1 variants, 1 images, 1 variant images
[2026-09-26T15:14:02.689Z] ✓ RUBI Epoxy Mortar Mixer E-80 — 1/1 variants, 1 images, 1 variant images
[2026-09-26T15:14:07.806Z] ✓ RUBI Glue Gun Applicator — 1/1 variants, 1 images, 1 variant images
[2026-09-26T15:14:10.064Z] ✓ RUBI Grout Saw — 1/1 variants, 1 images, 1 variant images
[2026-09-26T15:14:10.542Z] ✓ RUBI Grout Saw Replacement — 1/1 variants, 1 images, 1 variant images
[2026-09-26T15:14:10.542Z] progress 450/843 (ok 450, warnings 0, failed 0)
[2026-09-26T15:14:15.972Z] ✓ RUBI Hammer White Rubber R 250 — 1/1 variants, 1 images, 1 variant images
[2026-09-26T15:14:17.993Z] ✓ RUBI Handle for Sponges and Foams — 1/1 variants, 1 images, 1 variant images
[2026-09-26T15:14:18.407Z] ✓ RUBI Joint Applicator Manual — 1/1 variants, 1 images, 1 variant images
[2026-09-26T15:14:22.900Z] ✓ RUBI Joint Applicator Spare Nozzles — 1/1 variants, 1 images, 1 variant images
[2026-09-26T15:14:25.461Z] ✓ RUBI Joint Applicator Spare Kit — 1/1 variants, 1 images, 1 variant images
[2026-09-26T15:14:25.899Z] ✓ RUBI Knee Cushion — 1/1 variants, 1 images, 1 variant images
[2026-09-26T15:14:30.906Z] ✓ RUBI Line Marker Blue Powder — 1/1 variants, 1 images, 1 variant images
[2026-09-26T15:14:32.906Z] ✓ RUBI Line Reel 1.7 — 1/1 variants, 1 images, 1 variant images
[2026-09-26T15:14:33.361Z] ✓ RUBI Lumbar Protector L — 1/1 variants, 1 images, 1 variant images
[2026-09-26T15:14:38.245Z] ✓ RUBI Lumbar Protector XL — 1/1 variants, 1 images, 1 variant images
[2026-09-26T15:14:40.192Z] ✓ RUBI Master Chalk Line — 1/1 variants, 1 images, 1 variant images
[2026-09-26T15:14:40.630Z] ✓ RUBI Master-N Line Marker — 1/1 variants, 1 images, 1 variant images
[2026-09-26T15:14:45.239Z] ✓ RUBI Mortar Scraper S.Layer PH — 1/1 variants, 1 images, 1 variant images
[2026-09-26T15:14:47.490Z] ✓ RUBI Mortar Scraper S.Layer WH — 1/1 variants, 1 images, 1 variant images
[2026-09-26T15:14:47.930Z] ✓ RUBI Mortar Scraper S.Layer WH (022000) — 1/1 variants, 1 images, 1 variant images
[2026-09-26T15:14:53.500Z] ✓ RUBI Nippers for Glass Mosaic — 1/1 variants, 2 images, 1 variant images
[2026-09-26T15:14:55.652Z] ✓ RUBI Plastic Bucket Graduation 12ltr — 1/1 variants, 1 images, 1 variant images
[2026-09-26T15:14:56.157Z] ✓ RUBI Porex Float Narrow — 1/1 variants, 1 images, 1 variant images
[2026-09-26T15:15:00.830Z] ✓ RUBI Porex Float Rectangular — 1/1 variants, 1 images, 1 variant images
[2026-09-26T15:15:03.337Z] ✓ RUBI Rubber Trowel Solid PH — 1/1 variants, 1 images, 1 variant images
[2026-09-26T15:15:04.003Z] ✓ RUBI Rubber Trowel Termoflex PH — 1/1 variants, 1 images, 1 variant images
[2026-09-26T15:15:09.002Z] ✓ RUBI Rubber Trowel Termoflex WH — 1/1 variants, 1 images, 1 variant images
[2026-09-26T15:15:11.262Z] ✓ RUBI Rubinet Float Sponge Handle — 1/1 variants, 1 images, 1 variant images
[2026-09-26T15:15:11.707Z] ✓ RUBI Rubinet Float with Sponge — 1/1 variants, 1 images, 1 variant images
[2026-09-26T15:15:16.403Z] ✓ RUBI Rubinet Plus Sponge and Cuts — 1/1 variants, 1 images, 1 variant images
[2026-09-26T15:15:16.405Z] progress 475/843 (ok 475, warnings 0, failed 0)
[2026-09-26T15:15:18.429Z] ✓ RUBI Rubinet Sponge Replacement 30 — 1/1 variants, 1 images, 1 variant images
[2026-09-26T15:15:18.860Z] ✓ RUBI Rubinet Sponge Smooth — 1/1 variants, 1 images, 1 variant images
[2026-09-26T15:15:24.107Z] ✓ RUBI Rule Support Nails Circ 250 — 1/1 variants, 1 images, 1 variant images
[2026-09-26T15:15:26.133Z] ✓ RUBI Russian Nippers 220 — 1/1 variants, 1 images, 1 variant images
[2026-09-26T15:15:26.539Z] ✓ RUBI Scoring Wheel 14mm Carbide — 1/1 variants, 1 images, 1 variant images
[2026-09-26T15:15:31.188Z] ✓ RUBI Scoring Wheel Kit 2 — 1/1 variants, 1 images, 1 variant images
[2026-09-26T15:15:33.165Z] ✓ RUBI Hammer White Rubber R 500 — 1/1 variants, 1 images, 1 variant images
[2026-09-26T15:15:33.609Z] ✓ RUBI Hammer White Rubber R 750 — 1/1 variants, 1 images, 1 variant images
[2026-09-26T15:15:38.252Z] ✓ RUBI Plastic Bucket Grad Spout 15ltr — 1/1 variants, 1 images, 1 variant images
[2026-09-26T15:15:40.424Z] ✓ RUBI Rubber Trowel Solid WH — 1/1 variants, 1 images, 1 variant images
[2026-09-26T15:15:40.891Z] ✓ RUBI Soft Foam-L — 1/1 variants, 1 images, 1 variant images
[2026-09-26T15:15:45.436Z] ✓ RUBI Soles Set Smooth — 1/1 variants, 1 images, 1 variant images
[2026-09-26T15:15:47.355Z] ✓ RUBI Square 60 — 1/1 variants, 1 images, 1 variant images
[2026-09-26T15:15:47.834Z] ✓ RUBI Square 80 — 1/1 variants, 1 images, 1 variant images
[2026-09-26T15:15:52.423Z] ✓ RUBI Suction Pad — 1/1 variants, 1 images, 1 variant images
[2026-09-26T15:15:54.380Z] ✓ RUBI Suction Pad Triple — 1/1 variants, 1 images, 1 variant images
[2026-09-26T15:15:54.847Z] ✓ RUBI Sweepex Plus Sponge Replacement 30 — 1/1 variants, 1 images, 1 variant images
[2026-09-26T15:15:59.433Z] ✓ RUBI Sweepex Sponge and Handle 30 — 1/1 variants, 1 images, 1 variant images
[2026-09-26T15:16:01.582Z] ✓ RUBI Sweepex Sponge Replacement 30 — 1/1 variants, 1 images, 1 variant images
[2026-09-26T15:16:02.022Z] ✓ RUBI Sweepex Sponge Replacement — 1/1 variants, 1 images, 1 variant images
[2026-09-26T15:16:06.765Z] ✓ RUBI Sweepex Sponge with Handle — 1/1 variants, 1 images, 1 variant images
[2026-09-26T15:16:08.806Z] ✓ RUBI Tiling Leveller Rubber — 1/1 variants, 1 images, 1 variant images
[2026-09-26T15:16:09.234Z] ✓ RUBI Trowel SS INOX 30cm CRH — 1/1 variants, 1 images, 1 variant images
[2026-09-26T15:16:14.053Z] ✓ RUBI Trowel SS INOX SE 30cm CWH — 1/1 variants, 1 images, 1 variant images
[2026-09-26T15:16:16.030Z] ✓ RUBI Trowel Steel 30cm OPH BL — 1/1 variants, 1 images, 1 variant images
[2026-09-26T15:16:16.031Z] progress 500/843 (ok 500, warnings 0, failed 0)
[2026-09-26T15:16:16.501Z] ✓ RUBI White Lens — 1/1 variants, 1 images, 1 variant images
[2026-09-26T15:16:21.624Z] ✓ RUBI Wooden Handle for Spatula — 1/1 variants, 1 images, 1 variant images
[2026-09-26T15:16:23.644Z] ✓ RUBI Celulose EPOXI Sponge Replacement 30 — 1/1 variants, 1 images, 1 variant images
[2026-09-26T15:16:24.069Z] ✓ RUBI Central Drill Bit 6mm — 1/1 variants, 1 images, 1 variant images
[2026-09-26T15:16:28.544Z] ✓ RUBI Circular Saw TC-180 — 1/1 variants, 1 images, 1 variant images
[2026-09-26T15:16:30.703Z] ✓ RUBI Cleaning Block-N — 1/1 variants, 1 images, 1 variant images
[2026-09-26T15:16:31.104Z] ✓ RUBI Comfort Gel Knee Pads — 1/1 variants, 1 images, 1 variant images
[2026-09-26T15:16:35.904Z] ✓ RUBI Diamant DR-350 — 1/1 variants, 1 images, 1 variant images
[2026-09-26T15:16:38.044Z] ✓ RUBI Diamond Blade C115 Dry — 1/1 variants, 1 images, 1 variant images
[2026-09-26T15:16:38.449Z] ✓ RUBI Diamond Blade CPC 300 SPRO — 1/1 variants, 1 images, 1 variant images
[2026-09-26T15:17:46.204Z] ✓ RUBI Diamond Blade CPR 115 SPRO — 1/1 variants, 1 images, 1 variant images
[2026-09-26T15:17:47.180Z] ✓ RUBI Diamond Blade CPR 125 SPRO — 1/1 variants, 1 images, 1 variant images
[2026-09-26T15:17:52.685Z] ✓ RUBI Diamond Blade CPX 200 SPRO — 1/1 variants, 1 images, 1 variant images
[2026-09-26T15:17:53.173Z] ✓ RUBI Diamond Blade CPC2 — 3/3 variants, 3 images, 3 variant images
[2026-09-26T15:17:53.561Z] ✓ RUBI Diamond Blade TCR 180 SPRO — 1/1 variants, 1 images, 1 variant images
[2026-09-26T15:18:00.142Z] ✓ RUBI Standard Chalk Line — 1/1 variants, 1 images, 1 variant images
[2026-09-26T15:18:00.664Z] ✓ RUBI Suction Pad Double — 1/1 variants, 1 images, 1 variant images
[2026-09-26T15:18:06.322Z] ✓ RUBI Trowel Levelling Pointed Tip — 1/1 variants, 1 images, 1 variant images
[2026-09-26T15:18:06.785Z] ✓ RUBI Diamond Blade C125 Dry — 1/1 variants, 1 images, 1 variant images
[2026-09-26T15:18:12.889Z] ✓ RUBI Drill Bit Easy Gres — 12/12 variants, 12 images, 12 variant images
[2026-09-26T15:18:13.122Z] ✓ RUBI Diamond Blade CPC 250 SPRO — 1/1 variants, 1 images, 1 variant images
[2026-09-26T15:18:13.599Z] ✓ RUBI Diamond Blade TCR 125 Dry — 1/1 variants, 1 images, 1 variant images
[2026-09-26T15:18:20.312Z] ✓ RUBI Easy Gres Plus Kit — 1/1 variants, 1 images, 1 variant images
[2026-09-26T15:18:28.103Z] ✓ RUBI Electro Blade EMG 115 SPRO — 1/1 variants, 1 images, 1 variant images
[2026-09-26T15:18:28.725Z] ✓ RUBI Drygres Drill Bit — 2/2 variants, 2 images, 2 variant images
[2026-09-26T15:18:28.725Z] progress 525/843 (ok 525, warnings 0, failed 0)
[2026-09-26T15:18:30.532Z] ✓ RUBI Easy Gres Bit Wet — 3/3 variants, 3 images, 3 variant images
[2026-09-26T15:18:35.405Z] ✓ RUBI Ergonomic Seat SR-1 — 1/1 variants, 1 images, 1 variant images
[2026-09-26T15:18:36.493Z] ✓ RUBI Fix Kit DS250 1000 DX 350 1000 — 1/1 variants, 1 images, 1 variant images
[2026-09-26T15:18:37.980Z] ✓ RUBI Float with Mix Spro Pads — 1/1 variants, 1 images, 1 variant images
[2026-09-26T15:18:43.321Z] ✓ RUBI Hidro High ABD Sponge Pro — 1/1 variants, 1 images, 1 variant images
[2026-09-26T15:18:45.789Z] ✓ RUBI Knee Pads Gel — 1/1 variants, 1 images, 1 variant images
[2026-09-26T15:18:50.460Z] ✓ RUBI Lateral Stop Dw-NL/DS/DX — 1/1 variants, 1 images, 1 variant images
[2026-09-26T15:18:52.523Z] ✓ RUBI Mixd Epoxi Celulose Sponge S-Pro — 1/1 variants, 1 images, 1 variant images
[2026-09-26T15:18:55.189Z] ✓ RUBI Ironblade Tape Measure — 2/2 variants, 2 images, 2 variant images
[2026-09-26T15:18:57.474Z] ✓ RUBI Mixed Sponge — 1/1 variants, 1 images, 1 variant images
[2026-09-26T15:18:59.870Z] ✓ RUBI Mortar Scraper S.Layer Replacement — 1/1 variants, 1 images, 1 variant images
[2026-09-26T15:19:02.217Z] ✓ RUBI Nippers for Porcelain — 1/1 variants, 1 images, 1 variant images
[2026-09-26T15:19:04.628Z] ✓ RUBI Parrot Nippers - widia — 1/1 variants, 1 images, 1 variant images
[2026-09-26T15:19:07.698Z] ✓ RUBI Plaster Mixer P-120-R — 1/1 variants, 1 images, 1 variant images
[2026-09-26T15:19:10.283Z] ✓ RUBI Plastic Trowel and Plus Sponge Pro — 1/1 variants, 1 images, 1 variant images
[2026-09-26T15:19:12.777Z] ✓ RUBI Plastic Trowel and Sponge Pro — 1/1 variants, 1 images, 1 variant images
[2026-09-26T15:19:15.122Z] ✓ RUBI Plastic Trowel Base Line — 1/1 variants, 1 images, 1 variant images
[2026-09-26T15:19:17.315Z] ✓ RUBI Professional Flex Knee Pads — 1/1 variants, 1 images, 1 variant images
[2026-09-26T15:19:19.876Z] ✓ RUBI R Sponge Float HF SPRO PH — 1/1 variants, 1 images, 1 variant images
[2026-09-26T15:19:22.206Z] ✓ RUBI R Sponge Float SM SPRO PH — 1/1 variants, 1 images, 1 variant images
[2026-09-26T15:19:24.745Z] ✓ RUBI Rubiclean Kit 2 — 1/1 variants, 1 images, 1 variant images
[2026-09-26T15:19:27.016Z] ✓ RUBI Rubiclean Tray (Box) — 1/1 variants, 1 images, 1 variant images
[2026-09-26T15:19:29.360Z] ✓ RUBI RUBIMIX-8 N Electric Mixer 230v — 1/1 variants, 3 images, 1 variant images
[2026-09-26T15:19:38.645Z] ✓ RUBI Rubimix-9-BL 110v — 1/1 variants, 1 images, 1 variant images
[2026-09-26T15:19:41.222Z] ✓ RUBI Rubimix-9-BL 220v — 1/1 variants, 1 images, 1 variant images
[2026-09-26T15:19:41.222Z] progress 550/843 (ok 550, warnings 0, failed 0)
[2026-09-26T15:19:44.147Z] ✓ RUBI Rubinet Plus Sponge Mixed — 1/1 variants, 1 images, 1 variant images
[2026-09-26T15:19:46.156Z] ✓ RUBI Rubinet Sponge and Handle 30 — 1/1 variants, 1 images, 1 variant images
[2026-09-26T15:19:48.980Z] ✓ RUBI Rubinet Sponge Mixed — 1/1 variants, 1 images, 1 variant images
[2026-09-26T15:19:54.062Z] ✓ RUBI Sponge Pro — 1/1 variants, 1 images, 1 variant images
[2026-09-26T15:19:55.885Z] ✓ RUBI Drill Bit Kit 35mm Plus Guide Plus Tank — 1/1 variants, 1 images, 1 variant images
[2026-09-26T15:20:00.597Z] ✓ RUBI Dry Cutting Drill Adapter — 1/1 variants, 1 images, 1 variant images
[2026-09-26T15:20:01.456Z] ✓ RUBI Scoring Wheel Plus Cbd — 2/2 variants, 2 images, 2 variant images
[2026-09-26T15:20:02.682Z] ✓ RUBI Easy Gres Kit 6mm Wet — 1/1 variants, 1 images, 1 variant images
[2026-09-26T15:20:08.242Z] ✓ RUBI Epoxi Celulose Sponge SPRO — 1/1 variants, 1 images, 1 variant images
[2026-09-26T15:20:09.287Z] ✓ RUBI Fitters DryGres Drill Kit — 1/1 variants, 2 images, 1 variant images
[2026-09-26T15:20:10.416Z] ✓ RUBI Nippers for Ceramic Tiles — 1/1 variants, 1 images, 1 variant images
[2026-09-26T15:20:15.655Z] ✓ RUBI Plus Tungsten Carbide Scoring Wheel — 1/1 variants, 1 images, 1 variant images
[2026-09-26T15:20:16.575Z] ✓ RUBI R Sponge Float SC SPRO PH — 1/1 variants, 1 images, 1 variant images
[2026-09-26T15:20:17.769Z] ✓ RUBI Rubber Grout Float Wooden Handle — 1/1 variants, 1 images, 1 variant images
[2026-09-26T15:20:23.083Z] ✓ RUBI Rubiclean Basic Line Tray — 1/1 variants, 1 images, 1 variant images
[2026-09-26T15:20:23.910Z] ✓ RUBI Rubiclean Triple SPRO — 1/1 variants, 1 images, 1 variant images
[2026-09-26T15:20:25.059Z] ✓ RUBI Scoring Wheel Plus 10mm Gld — 1/1 variants, 1 images, 1 variant images
[2026-09-26T15:20:30.169Z] ✓ RUBI Rubinet Sponge — 1/1 variants, 1 images, 1 variant images
[2026-09-26T15:20:30.997Z] ✓ RUBI Sweepex Plus Sponge and Cuts — 1/1 variants, 1 images, 1 variant images
[2026-09-26T15:20:32.264Z] ✓ RUBI Sweepex Sponge — 1/1 variants, 1 images, 1 variant images
[2026-09-26T15:20:37.387Z] ✓ RUBI TC-180 C-CLAMP — 1/1 variants, 1 images, 1 variant images
[2026-09-26T15:20:38.203Z] ✓ RUBI TC-180 Guide Rail — 1/1 variants, 1 images, 1 variant images
[2026-09-26T15:20:39.815Z] ✓ RUBI TC-180 Guide Rail Connector — 1/1 variants, 1 images, 1 variant images
[2026-09-26T15:20:45.128Z] ✓ RUBI TVA 115 Super Pro Viper Diamond Blade — 1/1 variants, 1 images, 1 variant images
[2026-09-26T15:20:45.902Z] ✓ RUBI TVH 200 Super Pro Viper Diamond Blade — 1/1 variants, 1 images, 1 variant images
[2026-09-26T15:20:45.903Z] progress 575/843 (ok 575, warnings 0, failed 0)
[2026-09-26T15:20:47.453Z] ✓ Sigma Serie 3 37cm Pull Cutter — 1/1 variants, 1 images, 1 variant images
[2026-09-26T15:20:53.149Z] ✓ Sigma Standard 37cm Pull Cutter — 1/1 variants, 1 images, 1 variant images
[2026-09-26T15:20:53.990Z] ✓ Sigma Tecnica 66cm Pull Push Cutter — 1/1 variants, 1 images, 1 variant images
[2026-09-26T15:21:00.265Z] ✓ RUBI Flexible Pouring Bucket — 1/1 variants, 1 images, 1 variant images
[2026-09-26T15:21:00.923Z] ✓ wedi Reinforcement Self-Adhesive Tape 25mx125mm — 1/1 variants, 1 images, 1 variant images
[2026-09-26T15:21:01.477Z] ✓ Sigma Serie XL Push Cutter — 2/2 variants, 4 images, 2 variant images
[2026-09-26T15:21:07.816Z] ✓ Outdoor Pedestal and Rubber Shim 4mm — 1/1 variants, 2 images, 1 variant images
[2026-09-26T15:21:08.218Z] ✓ RUBI TVA 230 Super Pro Viper Diamond Blade — 1/1 variants, 1 images, 1 variant images
[2026-09-26T15:21:08.695Z] ✓ RUBI water Tank and Hose M-Guide — 1/1 variants, 1 images, 1 variant images
[2026-09-26T15:21:16.117Z] ✓ BAL Flex Fibre Plus White S1 Adhesive 20kg — 1/1 variants, 1 images, 1 variant images
[2026-09-26T15:21:16.860Z] ✓ Wedi Fundo Sealing Set — 1/1 variants, 3 images, 1 variant images
[2026-09-26T15:21:17.378Z] ✓ Wedi Fundo Point Drain DN50 Horizontal — 1/1 variants, 4 images, 1 variant images
[2026-09-26T15:21:24.372Z] ✓ Mosaic Mesh Backer — 1/1 variants, 1 images, 1 variant images
[2026-09-26T15:21:35.208Z] ✓ Regal® Movement Joint — 9/9 variants, 9 images, 9 variant images
[2026-09-26T15:21:38.237Z] ✓ Regal® Grout — 6/6 variants, 18 images, 6 variant images
[2026-09-26T15:21:41.616Z] ✓ Regal® Ash Powder Coated Movement Joint — 3/3 variants, 3 images, 3 variant images
[2026-09-26T15:21:47.567Z] ✓ BAL Rapid Mat 1m — 1/1 variants, 2 images, 1 variant images
[2026-09-26T15:21:52.149Z] ✓ Regal® Vanilla Powder Coated Movement Joint — 3/3 variants, 3 images, 3 variant images
[2026-09-26T15:21:54.027Z] ✓ BAL Flexbone 2Easy 1m — 1/1 variants, 3 images, 1 variant images
[2026-09-26T15:21:54.517Z] ✓ Regal® Grey Powder Coated Movement Joint — 3/3 variants, 3 images, 3 variant images
[2026-09-26T15:22:00.112Z] ✓ BAL Flexbone Joint Tape 25m — 1/1 variants, 1 images, 1 variant images
[2026-09-26T15:22:02.129Z] ✓ Wedi Fundo DN50 Horizontal Channel Drain — 1/1 variants, 4 images, 1 variant images
[2026-09-26T15:22:02.630Z] ✓ Wedi Fundo Channel Cover Standard 800mm — 1/1 variants, 4 images, 1 variant images
[2026-09-26T15:22:07.510Z] ✓ Harlyn™ Mist Door Bar — 1/1 variants, 1 images, 1 variant images
[2026-09-26T15:22:09.631Z] ✓ Dakota Levelling Wedges Pack of 100 — 1/1 variants, 1 images, 1 variant images
[2026-09-26T15:22:09.631Z] progress 600/843 (ok 600, warnings 0, failed 0)
[2026-09-26T15:22:10.082Z] ✓ Fila Instant Grout Remover — 1/1 variants, 2 images, 1 variant images
[2026-09-26T15:22:14.795Z] ✓ Wedi Fundo Channel Drain DN50 Vertical — 1/1 variants, 4 images, 1 variant images
[2026-09-26T15:22:18.310Z] ✓ Sigma Tile Wedges 0-5mm 40-C — 1/1 variants, 2 images, 1 variant images
[2026-09-26T15:22:18.998Z] ✓ Sigma Trowel SS 10x10mm SAG 49G — 1/1 variants, 1 images, 1 variant images
[2026-09-26T15:22:23.763Z] ✓ Sigma Trowel SS 11.5x11.5 NAT 49H — 1/1 variants, 1 images, 1 variant images
[2026-09-26T15:22:25.748Z] ✓ Sigma HA Sponge Trowel Cut 48L7T — 1/1 variants, 1 images, 1 variant images
[2026-09-26T15:22:26.178Z] ✓ Sigma Sponge With Cuts HA 48L7RT — 1/1 variants, 1 images, 1 variant images
[2026-09-26T15:22:30.959Z] ✓ Sigma Float With Rubber Med 48A7 — 1/1 variants, 2 images, 1 variant images
[2026-09-26T15:22:33.220Z] ✓ Sigma Float Rubber Repl 48AG1 — 1/1 variants, 1 images, 1 variant images
[2026-09-26T15:22:33.684Z] ✓ Sigma Float Felt Medium 48DF — 1/1 variants, 1 images, 1 variant images
[2026-09-26T15:22:38.993Z] ✓ Sigma Float Felt Delicate 48DF1 — 1/1 variants, 1 images, 1 variant images
[2026-09-26T15:22:40.897Z] ✓ Sigma Float Felt Strong 48DF2 — 1/1 variants, 1 images, 1 variant images
[2026-09-26T15:22:41.311Z] ✓ Sigma Float Trowel Grip Rpl 48DS1 — 1/1 variants, 1 images, 1 variant images
[2026-09-26T15:22:46.148Z] ✓ Sigma Professional Knee Pads — 1/1 variants, 1 images, 1 variant images
[2026-09-26T15:22:49.836Z] ✓ Sigma 115mm Continuous Rim Diamond Blade 75C — 1/1 variants, 1 images, 1 variant images
[2026-09-26T15:22:50.261Z] ✓ Sigma 115mm Turbo Diamond Blade 75B — 1/1 variants, 1 images, 1 variant images
[2026-09-26T15:22:55.690Z] ✓ Sigma Diamond Pad 72H1 — 1/1 variants, 1 images, 1 variant images
[2026-09-26T15:22:57.715Z] ✓ Sigma Seperator 41D — 1/1 variants, 1 images, 1 variant images
[2026-09-26T15:22:58.125Z] ✓ Sigma 19mm Max Wheel 14MX — 1/1 variants, 1 images, 1 variant images
[2026-09-26T15:23:02.906Z] ✓ RUBI Diamond Blade TCR115 Spro — 1/1 variants, 1 images, 1 variant images
[2026-09-26T15:23:05.593Z] ✓ RUBI ECD 115 2in1 Super Pro Cutting & Grinding Blade — 1/1 variants, 1 images, 1 variant images
[2026-09-26T15:23:06.104Z] ✓ RUBI Mortar Mixer M-120-R 3H — 1/1 variants, 1 images, 1 variant images
[2026-09-26T15:23:10.837Z] ✓ BAL Quickset Render 25Kg — 1/1 variants, 1 images, 1 variant images
[2026-09-26T15:23:13.845Z] ✓ BAL Level Max Grey 25kg — 1/1 variants, 1 images, 1 variant images
[2026-09-26T15:23:14.259Z] ✓ RUBI TS-66 Max Grey Base — 1/1 variants, 1 images, 1 variant images
[2026-09-26T15:23:14.259Z] progress 625/843 (ok 625, warnings 0, failed 0)
[2026-09-26T15:23:18.967Z] ✓ Faithfull Builders Bucket 14ltr — 1/1 variants, 1 images, 1 variant images
[2026-09-26T15:23:19.403Z] ✓ Coffee Powder Coated Movement Joint 12.5m — 1/1 variants, 0 images, 0 variant images
[2026-09-26T15:23:22.096Z] ✓ Wedi Fundo Point Drain DN50 Vertical — 1/1 variants, 4 images, 1 variant images
[2026-09-26T15:23:26.452Z] ✓ Wedi Fundo Channel Drain DN40 Mini Max — 1/1 variants, 4 images, 1 variant images
[2026-09-26T15:23:26.912Z] ✓ Wedi Fundo Channel Cover Standard 700mm — 1/1 variants, 4 images, 1 variant images
[2026-09-26T15:23:29.285Z] ✓ Rubi TVP 115 Super Pro Diamond Blade — 1/1 variants, 3 images, 1 variant images
[2026-09-26T15:23:33.546Z] ✓ Rubi TVP 200 Super Pro Diamond Blade — 1/1 variants, 1 images, 1 variant images
[2026-09-26T15:23:34.008Z] ✓ Outdoor Base Plate — 1/1 variants, 1 images, 1 variant images
[2026-09-26T15:23:37.795Z] ✓ Wedi Fundo Point Drain DN40 Mini Max Flat Horizontal — 1/1 variants, 4 images, 1 variant images
[2026-09-26T15:23:42.579Z] ✓ Ultrascape Outdoor Slurry Primer 20kg — 1/1 variants, 1 images, 1 variant images
[2026-09-26T15:23:45.470Z] ✓ Roberts 4 in 1 Expansion Spacers — 1/1 variants, 4 images, 1 variant images
[2026-09-26T15:23:52.402Z] ✓ Sigma Trowel SS 12x12mm SAG 49L — 1/1 variants, 1 images, 1 variant images
[2026-09-26T15:24:00.526Z] ✓ Matrix® Grout 2.5kg — 22/22 variants, 23 images, 22 variant images
[2026-09-26T15:24:00.550Z] ✓ UltraGrime Pro Multi-Use Wipes Pack of 100 — 1/1 variants, 4 images, 1 variant images
[2026-09-26T15:24:06.574Z] ✓ AquaBase™ Wet Room Tray — 4/4 variants, 11 images, 4 variant images
[2026-09-26T15:24:07.506Z] ✓ Wedi Fundo Channel Drain Substructure Element — 1/1 variants, 3 images, 1 variant images
[2026-09-26T15:24:08.780Z] ✓ DreamTec Vinyl Tile Underlay 10m2 — 1/1 variants, 1 images, 1 variant images
[2026-09-26T15:24:15.004Z] ✓ Ultra Level It Fast Track Plus 20kg — 1/1 variants, 1 images, 1 variant images
[2026-09-26T15:24:15.857Z] ✓ Wedi RioLigno 1200x900mm With 700mm Channel — 1/1 variants, 4 images, 1 variant images
[2026-09-26T15:24:17.485Z] ✓ Bahco 317 Hacksaw 300mm — 1/1 variants, 1 images, 1 variant images
[2026-09-26T15:24:24.446Z] ✓ Bahco Blades 300mm 24TPI (Pack of 2) — 1/1 variants, 1 images, 1 variant images
[2026-09-26T15:24:25.314Z] ✓ BAL Rapid XP Plus White 20kg — 1/1 variants, 1 images, 1 variant images
[2026-09-26T15:24:26.654Z] ✓ Marshalltown Rubber Grout Float DH — 1/1 variants, 1 images, 1 variant images
[2026-09-26T15:24:34.087Z] ✓ Wedi Fundo Channel Cover Tileable 700mm — 1/1 variants, 4 images, 1 variant images
[2026-09-26T15:24:35.084Z] ✓ Wedi RioLigno 900x90mm With 700mm Channel — 1/1 variants, 4 images, 1 variant images
[2026-09-26T15:24:35.084Z] progress 650/843 (ok 650, warnings 0, failed 0)
[2026-09-26T15:24:36.724Z] ✓ Wedi Fundo Channel Cover Tileable 800mm — 1/1 variants, 4 images, 1 variant images
[2026-09-26T15:24:42.216Z] ✓ Wedi RioLigno 1200x1200mm With 900mm Channel — 1/1 variants, 4 images, 1 variant images
[2026-09-26T15:24:43.306Z] ✓ DEX Bucket Trowel — 1/1 variants, 2 images, 1 variant images
[2026-09-26T15:24:44.565Z] ✓ DEX Adhesive & Grout Spreader — 1/1 variants, 2 images, 1 variant images
[2026-09-26T15:24:49.750Z] ✓ DEX Large Format 10x20mm Notch Trowel — 1/1 variants, 3 images, 1 variant images
[2026-09-26T15:24:51.879Z] ✓ DEX Plastic Notched Trowel — 1/1 variants, 3 images, 1 variant images
[2026-09-26T15:24:53.514Z] ✓ DEX Levelling Wedges 1mm to 5mm Pack of 500 — 1/1 variants, 2 images, 1 variant images
[2026-09-26T15:24:58.818Z] ✓ DEX Pro Mitre Box — 1/1 variants, 2 images, 1 variant images
[2026-09-26T15:25:00.108Z] ✓ DEX Foam Roller & Tray — 1/1 variants, 2 images, 1 variant images
[2026-09-26T15:25:01.580Z] ✓ DEX Heavy Duty Silicone Sealant Gun — 1/1 variants, 2 images, 1 variant images
[2026-09-26T15:25:07.185Z] ✓ DEX Filing Stone — 1/1 variants, 2 images, 1 variant images
[2026-09-26T15:25:08.145Z] ✓ DEX SDS Scraper — 1/1 variants, 1 images, 1 variant images
[2026-09-26T15:25:09.380Z] ✓ DEX Silicone Sealant Remover & Finisher — 1/1 variants, 2 images, 1 variant images
[2026-09-26T15:25:15.169Z] ✓ DEX Pro Spiked Roller — 1/1 variants, 2 images, 1 variant images
[2026-09-26T15:25:15.973Z] ✓ DEX Silicone Sealant Finishing Tools — 1/1 variants, 2 images, 1 variant images
[2026-09-26T15:25:17.733Z] ✓ DEX Tile Remover Scraper — 1/1 variants, 2 images, 1 variant images
[2026-09-26T15:25:22.883Z] ✓ DEX Combination Mallet — 1/1 variants, 1 images, 1 variant images
[2026-09-26T15:25:23.645Z] ✓ Dex Tile File Flat & Curved — 1/1 variants, 1 images, 1 variant images
[2026-09-26T15:25:24.099Z] ✓ DEX Extension Pole — 1/1 variants, 2 images, 1 variant images
[2026-09-26T15:25:30.778Z] ✓ DEX 5m Tape Measure — 1/1 variants, 1 images, 1 variant images
[2026-09-26T15:25:31.220Z] ✓ DEX Pro Adhesive Mixer — 1/1 variants, 1 images, 1 variant images
[2026-09-26T15:25:31.620Z] ✓ DEX Clean-Up Pads 4PK — 1/1 variants, 1 images, 1 variant images
[2026-09-26T15:25:38.073Z] ✓ DEX Wash Float Replacement Sponge — 1/1 variants, 1 images, 1 variant images
[2026-09-26T15:25:38.539Z] ✓ DEX Clean-Up Replacement Pads — 1/1 variants, 1 images, 1 variant images
[2026-09-26T15:25:38.970Z] ✓ DEX Tile Scribe — 1/1 variants, 2 images, 1 variant images
[2026-09-26T15:25:38.970Z] progress 675/843 (ok 675, warnings 0, failed 0)
[2026-09-26T15:25:45.429Z] ✓ DEX Tile Nippers — 1/1 variants, 1 images, 1 variant images
[2026-09-26T15:25:46.111Z] ✓ DEX Grout Float — 1/1 variants, 1 images, 1 variant images
[2026-09-26T15:25:46.584Z] ✓ DEX HD Grout Rake — 1/1 variants, 2 images, 1 variant images
[2026-09-26T15:26:00.890Z] ✓ DEX Diamond Blade (Wet) — 2/2 variants, 4 images, 2 variant images
[2026-09-26T15:26:01.398Z] ✓ DEX Diamond Blade (Dry) — 2/2 variants, 2 images, 2 variant images
[2026-09-26T15:26:01.899Z] ✓ DEX Ceramic Drill Bit — 2/2 variants, 5 images, 2 variant images
[2026-09-26T15:26:08.402Z] ✓ DEX Adaptor — 1/1 variants, 2 images, 1 variant images
[2026-09-26T15:26:09.766Z] ✓ DEX Diamond Porcelain Drill Bit 8mm — 1/1 variants, 1 images, 1 variant images
[2026-09-26T15:26:16.345Z] ✓ DEX Dry Diamond Drill Bit Set — 1/1 variants, 2 images, 1 variant images
[2026-09-26T15:26:23.106Z] ✓ DEX Diamond Porcelain Drill Bit — 6/6 variants, 16 images, 6 variant images
[2026-09-26T15:26:25.627Z] ✓ DEX Dry Diamond Drill Bit — 5/5 variants, 10 images, 5 variant images
[2026-09-26T15:26:30.636Z] ✓ Wedi Fundo Channel Cover Standard 900mm — 1/1 variants, 4 images, 1 variant images
[2026-09-26T15:26:33.052Z] ✓ DEX Diamond Drill Bit Kit — 1/1 variants, 2 images, 1 variant images
[2026-09-26T15:26:34.277Z] ✓ DEX Dry Diamond Bit Hex — 2/2 variants, 4 images, 2 variant images
[2026-09-26T15:26:38.519Z] ✓ Silver Effect Z Bar 91cm — 1/1 variants, 1 images, 1 variant images
[2026-09-26T15:26:42.045Z] ✓ Wedi RioLigno 1600x1000mm With 800mm Channel — 1/1 variants, 4 images, 1 variant images
[2026-09-26T15:26:43.834Z] ✓ Microfibre Cloth (Pack of 10) — 1/1 variants, 1 images, 1 variant images
[2026-09-26T15:26:46.529Z] ✓ Scan Valved Masks FFP3 (Pack of 2) — 1/1 variants, 4 images, 1 variant images
[2026-09-26T15:26:49.434Z] ✓ Scan Safety Glasses — 1/1 variants, 1 images, 1 variant images
[2026-09-26T15:26:50.996Z] ✓ UltraFloor Level It Renovate 20kg — 1/1 variants, 1 images, 1 variant images
[2026-09-26T15:26:54.950Z] ✓ DEX Diamond Premium Blade 115mm — 1/1 variants, 2 images, 1 variant images
[2026-09-26T15:26:57.922Z] ✓ BAL Waterproof 1C 5ltr — 1/1 variants, 1 images, 1 variant images
[2026-09-26T15:26:59.082Z] ✓ Sigma Jolly Edge Cutter 37A3D — 1/1 variants, 1 images, 1 variant images
[2026-09-26T15:27:02.620Z] ✓ Sigma Water-Kit 87E4 20L — 1/1 variants, 1 images, 1 variant images
[2026-09-26T15:27:05.559Z] ✓ Kerakoll H40 Extreme Hybrid Gel Adhesive 10kg — 1/1 variants, 1 images, 1 variant images
[2026-09-26T15:27:05.560Z] progress 700/843 (ok 700, warnings 0, failed 0)
[2026-09-26T15:27:06.720Z] ✓ Raimondi Sheath Roller — 1/1 variants, 2 images, 1 variant images
[2026-09-26T15:27:10.151Z] ✓ Roberts LVT Tapping Block 240mm — 1/1 variants, 2 images, 1 variant images
[2026-09-26T15:27:13.036Z] ✓ RUBI Slab Table — 1/1 variants, 1 images, 1 variant images
[2026-09-26T15:27:14.274Z] ✓ RUBI Slim Easy Transporter Beam Set — 1/1 variants, 1 images, 1 variant images
[2026-09-26T15:27:17.788Z] ✓ RUBI Slab Transporter Heavy Duty System — 1/1 variants, 3 images, 1 variant images
[2026-09-26T15:27:20.766Z] ✓ RUBI Slab Suction Cup — 1/1 variants, 1 images, 1 variant images
[2026-09-26T15:27:22.022Z] ✓ RUBI Slim Easy Transporter System Plus — 1/1 variants, 3 images, 1 variant images
[2026-09-26T15:27:25.380Z] ✓ RUBI Slab Cutter — 1/1 variants, 1 images, 1 variant images
[2026-09-26T15:27:28.199Z] ✓ RUBI Tile Regulator — 1/1 variants, 4 images, 1 variant images
[2026-09-26T15:27:29.406Z] ✓ RUBI Triller 230V — 1/1 variants, 2 images, 1 variant images
[2026-09-26T15:27:32.966Z] ✓ DEX Hydro Sponge — 1/1 variants, 1 images, 1 variant images
[2026-09-26T15:27:35.899Z] ✓ Multipanel High Grab Adhesive 290ml — 1/1 variants, 1 images, 1 variant images
[2026-09-26T15:27:37.211Z] ✓ RUBI Slab Trolley — 1/1 variants, 1 images, 1 variant images
[2026-09-26T15:27:40.632Z] ✓ Multipanel Sealing Kit White — 1/1 variants, 1 images, 1 variant images
[2026-09-26T15:27:43.696Z] ✓ Multipanel Seal Strip End Caps White — 1/1 variants, 1 images, 1 variant images
[2026-09-26T15:27:44.861Z] ✓ DEX Titanium Scoring Wheel — 1/1 variants, 2 images, 1 variant images
[2026-09-26T15:27:48.169Z] ✓ DEX Tile Levelling Pliers — 1/1 variants, 2 images, 1 variant images
[2026-09-26T15:27:54.429Z] ✓ Excel Bond Waterproof Wall and Floor Matting 5m² — 1/1 variants, 1 images, 1 variant images
[2026-09-26T15:28:00.345Z] ✓ DEX Tile Levelling Kit — 2/2 variants, 6 images, 2 variant images
[2026-09-26T15:28:01.198Z] ✓ DEX Tile Levelling Clips — 2/2 variants, 6 images, 2 variant images
[2026-09-26T15:28:07.829Z] ✓ Excel Bond Internal Corner 120mm x 120mm — 1/1 variants, 1 images, 1 variant images
[2026-09-26T15:28:08.890Z] ✓ Excel Bond External Corner 128mm x 128mm — 1/1 variants, 1 images, 1 variant images
[2026-09-26T15:28:12.034Z] ✓ Excel Bond Sealing Tape — 2/2 variants, 2 images, 2 variant images
[2026-09-26T15:28:15.053Z] ✓ Excel Bond Pipe Collar 120mm x 120mm — 1/1 variants, 1 images, 1 variant images
[2026-09-26T15:28:18.959Z] ✓ Dakota Spin Level Cap — 1/1 variants, 3 images, 1 variant images
[2026-09-26T15:28:18.961Z] progress 725/843 (ok 725, warnings 0, failed 0)
[2026-09-26T15:28:21.709Z] ✓ RUBI Rubber Grout Float — 1/1 variants, 3 images, 1 variant images
[2026-09-26T15:28:25.657Z] ✓ RUBI Rubber Grout Float Replacement — 1/1 variants, 1 images, 1 variant images
[2026-09-26T15:28:26.134Z] ✓ Dakota Levelling Base — 2/2 variants, 8 images, 2 variant images
[2026-09-26T15:28:28.894Z] ✓ RUBI Diamond Polishing Pad GR60 — 1/1 variants, 3 images, 1 variant images
[2026-09-26T15:28:34.373Z] ✓ RUBI Diamond Polishing Pad GR120 — 1/1 variants, 3 images, 1 variant images
[2026-09-26T15:28:34.822Z] ✓ RUBI T-Shape 10mm Tile Spacers Pack of 50 — 1/1 variants, 1 images, 1 variant images
[2026-09-26T15:28:37.501Z] ✓ RUBI Floor Grout Squeegee 60cm — 1/1 variants, 1 images, 1 variant images
[2026-09-26T15:28:41.765Z] ✓ Fila Outdoor Patio and Porcelain Cleaner 1ltr — 1/1 variants, 4 images, 1 variant images
[2026-09-26T15:28:42.226Z] ✓ Excel Bond Decoupling Matting 1m² — 1/1 variants, 4 images, 1 variant images
[2026-09-26T15:28:44.827Z] ✓ Rubi TLG 115 EXT Super Pro Diamond Blade — 1/1 variants, 1 images, 1 variant images
[2026-09-26T15:28:49.543Z] ✓ Rubi TX-710 Max Manual Cutter — 1/1 variants, 1 images, 1 variant images
[2026-09-26T15:28:49.948Z] ✓ Rubi TX-1250 Max Manual Cutter — 1/1 variants, 1 images, 1 variant images
[2026-09-26T15:28:52.517Z] ✓ Rubi DC 250 Python 1200 230v — 1/1 variants, 1 images, 1 variant images
[2026-09-26T15:28:56.956Z] ✓ Rubi DCX-250 Xpert 1250 230V — 1/1 variants, 2 images, 1 variant images
[2026-09-26T15:28:57.399Z] ✓ Wedi Fundo Ligno Plus 1200 x 900mm End Drain — 1/1 variants, 4 images, 1 variant images
[2026-09-26T15:29:04.004Z] ✓ Wedi Fundo Ligno Plus 1200 x 120mm Central Drain — 1/1 variants, 4 images, 1 variant images
[2026-09-26T15:29:04.498Z] ✓ DEX Dust Extractor Attachment — 1/1 variants, 4 images, 1 variant images
[2026-09-26T15:29:10.397Z] ✓ Dural Triangular Corner Shelf With Railing and Hanger — 4/4 variants, 4 images, 4 variant images
[2026-09-26T15:29:10.814Z] ✓ Dural Speed Flex Grey — 1/1 variants, 1 images, 1 variant images
[2026-09-26T15:29:11.473Z] ✓ Durabase Warpseal Self-Adhesive Corner Tape 10m — 1/1 variants, 1 images, 1 variant images
[2026-09-26T15:29:17.940Z] ✓ Durabase Warpseal Self-Adhesive Corner Tape 50m — 1/1 variants, 1 images, 1 variant images
[2026-09-26T15:29:18.371Z] ✓ Durabase Warpseal Self-Adhesive Skirting Tape 10m — 1/1 variants, 1 images, 1 variant images
[2026-09-26T15:29:18.768Z] ✓ Durabase Warpseal Self-Adhesive Skirting Tape 50m — 1/1 variants, 1 images, 1 variant images
[2026-09-26T15:29:25.221Z] ✓ Durabase Warpseal Self-Adhesive Fleece Tape — 1/1 variants, 1 images, 1 variant images
[2026-09-26T15:29:25.669Z] ✓ Durabase Warpseal Tube Joint Tape — 1/1 variants, 1 images, 1 variant images
[2026-09-26T15:29:25.669Z] progress 750/843 (ok 750, warnings 0, failed 0)
[2026-09-26T15:29:26.225Z] ✓ Durabase Warpseal Internal Corner — 1/1 variants, 1 images, 1 variant images
[2026-09-26T15:29:33.953Z] ✓ Wedi Fundo Ligno Plus 900 x 900mm Central Drain — 1/1 variants, 4 images, 1 variant images
[2026-09-26T15:29:34.377Z] ✓ Wedi Fundo Ligno Plus 1400 x 900mm End Drain — 1/1 variants, 4 images, 1 variant images
[2026-09-26T15:29:35.091Z] ✓ Wedi Fundo Ligno Plus 1800 x 900mm End Drain — 1/1 variants, 4 images, 1 variant images
[2026-09-26T15:29:41.499Z] ✓ Wedi Fundo Ligno Plus 1600 x 1000mm End Drain — 1/1 variants, 4 images, 1 variant images
[2026-09-26T15:29:41.969Z] ✓ Genesis Stainless Steel Replacement Blade 8mm — 1/1 variants, 2 images, 1 variant images
[2026-09-26T15:29:42.457Z] ✓ PREMTOOL Diamond Rubbing U-Pad 400 Grit — 1/1 variants, 1 images, 1 variant images
[2026-09-26T15:29:49.009Z] ✓ DEX Electric Cutter — 1/1 variants, 4 images, 1 variant images
[2026-09-26T15:29:49.425Z] ✓ Uptec Pedestal 43-58mm — 1/1 variants, 1 images, 1 variant images
[2026-09-26T15:29:49.919Z] ✓ Uptec Pedestal Extension 30mm — 1/1 variants, 1 images, 1 variant images
[2026-09-26T15:29:56.788Z] ✓ Uptec Pedestal and Shim Spacer 4mm — 1/1 variants, 1 images, 1 variant images
[2026-09-26T15:29:57.275Z] ✓ Uptec Pedestal Adjustment Tool — 1/1 variants, 2 images, 1 variant images
[2026-09-26T15:29:57.735Z] ✓ Uptec Perimeter Spacer — 1/1 variants, 2 images, 1 variant images
[2026-09-26T15:30:04.873Z] ✓ Uptec Clip Vertical Base — 1/1 variants, 2 images, 1 variant images
[2026-09-26T15:30:05.339Z] ✓ Uptec Clip Vertical Head — 1/1 variants, 2 images, 1 variant images
[2026-09-26T15:30:05.750Z] ✓ Uptec Joist — 1/1 variants, 1 images, 1 variant images
[2026-09-26T15:30:12.508Z] ✓ Uptec Joist Connector — 1/1 variants, 1 images, 1 variant images
[2026-09-26T15:30:12.960Z] ✓ Uptec Joist Perimeter Spacer — 1/1 variants, 1 images, 1 variant images
[2026-09-26T15:30:13.451Z] ✓ Uptec Joist 4mm Spacer — 1/1 variants, 1 images, 1 variant images
[2026-09-26T15:30:20.160Z] ✓ UltraTile ProPave Mortar 20kg — 1/1 variants, 1 images, 1 variant images
[2026-09-26T15:30:20.653Z] ✓ Dural U-Drain Pro 65mm Wide Horizontal Drain Support DN 50 Black — 1/1 variants, 1 images, 1 variant images
[2026-09-26T15:30:21.153Z] ✓ Dural U-Drain Pro 105mm Wide Horizontal Drain Support DN 40 Black — 1/1 variants, 1 images, 1 variant images
[2026-09-26T15:30:27.919Z] ✓ Dural U-Drain Pro 105mm Wide Horizontal Drain Support 30/40mm Black — 1/1 variants, 1 images, 1 variant images
[2026-09-26T15:30:28.456Z] ✓ Dural U-Drain Pro 105mm Wide Vertical Drain Support DN 110 Push In Black — 1/1 variants, 1 images, 1 variant images
[2026-09-26T15:30:28.888Z] ✓ Dural U-Drain Pro 105mm Wide Vertical Drain Support DN 110 Adhesive Black — 1/1 variants, 1 images, 1 variant images
[2026-09-26T15:30:28.889Z] progress 775/843 (ok 775, warnings 0, failed 0)
[2026-09-26T15:30:35.718Z] ✓ Dural U-Drain Pro U-PVC Adhesive 200g — 1/1 variants, 1 images, 1 variant images
[2026-09-26T15:30:36.132Z] ✓ Soudal Silirub 2 Neutral Cure Silicone Sealant 300ml — 1/1 variants, 1 images, 1 variant images
[2026-09-26T15:30:36.582Z] ✓ Soudal Silirub 1 Clear Silicone Sealant 300ml — 1/1 variants, 1 images, 1 variant images
[2026-09-26T15:30:43.108Z] ✓ Schlüter-DITRA Matting 1m² — 1/1 variants, 2 images, 1 variant images
[2026-09-26T15:30:43.522Z] ✓ DEX Carbon Marking Pencil — 1/1 variants, 2 images, 1 variant images
[2026-09-26T15:30:43.959Z] ✓ DEX Margin Grout Float — 1/1 variants, 2 images, 1 variant images
[2026-09-26T15:30:50.461Z] ✓ DEX Microfibre Sponge — 1/1 variants, 2 images, 1 variant images
[2026-09-26T15:30:50.916Z] ✓ DEX Shaping Template — 1/1 variants, 2 images, 1 variant images
[2026-09-26T15:30:51.323Z] ✓ DEX Carbon Marking Pencil Refill — 1/1 variants, 2 images, 1 variant images
[2026-09-26T15:30:58.470Z] ✓ Rubi TVP 180 Super Pro Diamond Blade — 1/1 variants, 1 images, 1 variant images
[2026-09-26T15:30:59.302Z] ✓ DEX Digital Suction Cup — 1/1 variants, 4 images, 1 variant images
[2026-09-26T15:30:59.734Z] ✓ Rubi DT-180 Max 230V — 1/1 variants, 4 images, 1 variant images
[2026-09-26T15:31:07.605Z] ✓ Rubi DT-180 Max 110V — 1/1 variants, 4 images, 1 variant images
[2026-09-26T15:31:07.723Z] ✓ BAL Scrim Tape Roll 20m — 1/1 variants, 1 images, 1 variant images
[2026-09-26T15:31:08.205Z] ✓ Jackoboard Washers 36mm 100pcs — 1/1 variants, 1 images, 1 variant images
[2026-09-26T15:31:14.793Z] ✓ Jackoboard Board-Fix Adhesive 290ml — 1/1 variants, 1 images, 1 variant images
[2026-09-26T15:31:15.258Z] ✓ BAL Primer 1C 1ltr — 1/1 variants, 1 images, 1 variant images
[2026-09-26T15:31:15.785Z] ✓ DEX 24L Washboy Set — 1/1 variants, 2 images, 1 variant images
[2026-09-26T15:31:22.968Z] ✓ BAL Level Fast Grey 25kg — 1/1 variants, 1 images, 1 variant images
[2026-09-26T15:31:23.452Z] ✓ DEX Segmented Wash Float — 1/1 variants, 1 images, 1 variant images
[2026-09-26T15:31:23.899Z] ✓ Jackoboard Sealing Kit — 1/1 variants, 2 images, 1 variant images
[2026-09-26T15:31:30.306Z] ✓ Marcrist CK850 AkkuMAX 115mm Diamond Cutting Blade — 1/1 variants, 1 images, 1 variant images
[2026-09-26T15:31:30.739Z] ✓ Excel Bond Rapid-Flex C2 Adhesive Grey 20kg — 1/1 variants, 1 images, 1 variant images
[2026-09-26T15:31:31.227Z] ✓ Excel Bond Standard-Flex C2 Adhesive Grey 20kg — 1/1 variants, 1 images, 1 variant images
[2026-09-26T15:31:37.728Z] ✓ Dakota Rush Level™ Cylinder Pack of 50 — 1/1 variants, 3 images, 1 variant images
[2026-09-26T15:31:37.729Z] progress 800/843 (ok 800, warnings 0, failed 0)
[2026-09-26T15:31:38.218Z] ✓ Rubi Octo-USB Energy Suction Cup — 1/1 variants, 4 images, 1 variant images
[2026-09-26T15:31:38.666Z] ✓ DEWALT® Cordless Angle Grinder - DCG405 — 1/1 variants, 2 images, 1 variant images
[2026-09-26T15:31:45.473Z] ✓ DEWALT® XR Charger — 1/1 variants, 2 images, 1 variant images
[2026-09-26T15:31:45.674Z] ✓ DEWALT® XR Slide Battery Pack — 1/1 variants, 3 images, 1 variant images
[2026-09-26T15:31:46.467Z] ✓ Rubi DT-250 Max 230V — 1/1 variants, 4 images, 1 variant images
[2026-09-26T15:31:53.992Z] ✓ Rubi DT-250 Max 110V — 1/1 variants, 4 images, 1 variant images
[2026-09-26T15:31:54.524Z] ✓ Marcrist 850 Pro 115mm Slitting Disc - Pack of 10 — 1/1 variants, 2 images, 1 variant images
[2026-09-26T15:32:01.034Z] ✓ Excel Bond Semi Rapid White S1 Gel Adhesive 20kg — 1/1 variants, 1 images, 1 variant images
[2026-09-26T15:32:01.466Z] ✓ Splashback Silver Edge Profile 4mm — 1/1 variants, 1 images, 1 variant images
[2026-09-26T15:32:06.343Z] ✓ Regal® Door Bar (old) — 3/3 variants, 6 images, 3 variant images
[2026-09-26T15:32:08.394Z] ✓ Naturepanel Silicone Sealant Graphite Grey 290ml — 1/1 variants, 1 images, 1 variant images
[2026-09-26T15:32:08.828Z] ✓ BAL Bedding Mortar 25kg — 1/1 variants, 1 images, 1 variant images
[2026-09-26T15:32:14.595Z] ✓ BAL Priming Slurry Bond 20kg — 1/1 variants, 1 images, 1 variant images
[2026-09-26T15:32:16.786Z] ✓ BAL Level Out External Levelling Compound 25kg — 1/1 variants, 1 images, 1 variant images
[2026-09-26T15:32:17.263Z] ✓ UltraGrime Pro Power Scrub Wipes (Pack of 80) — 1/1 variants, 4 images, 1 variant images
[2026-09-26T15:32:21.994Z] ✓ Marcrist CK850T 250mm Wet/Dry Diamond Cutting Blade — 1/1 variants, 3 images, 1 variant images
[2026-09-26T15:32:24.390Z] ✓ Rubi Full Bullnose Superpro Grinding Bit — 1/1 variants, 1 images, 1 variant images
[2026-09-26T15:32:25.481Z] ✓ Rubi Half Bullnose Superpro Grinding Bit — 1/1 variants, 1 images, 1 variant images
[2026-09-26T15:32:29.726Z] ✓ FILA LVT & Laminate Cleaner 500ml — 1/1 variants, 2 images, 1 variant images
[2026-09-26T15:32:33.533Z] ✓ Rubi RV-18 Energy — 1/1 variants, 4 images, 1 variant images
[2026-09-26T15:32:34.189Z] ✓ DEWALT® Cordless Multi-Tool, Blades Included, DCS356N-XJ — 1/1 variants, 4 images, 1 variant images
[2026-09-26T15:32:40.201Z] ✓ DEWALT® Cordless SDS Drill — 1/1 variants, 1 images, 1 variant images
[2026-09-26T15:32:42.481Z] ✓ DEWALT® Grout Removal Blade — 1/1 variants, 1 images, 1 variant images
[2026-09-26T15:32:42.959Z] ✓ DEWALT DT20703-QZ Wood Plunge Cutting Blade 30mm — 1/1 variants, 2 images, 1 variant images
[2026-09-26T15:32:48.232Z] ✓ DEWALT DT20707-QZ Metal Plunge Cutting Blade 43mm — 1/1 variants, 1 images, 1 variant images
[2026-09-26T15:32:48.232Z] progress 825/843 (ok 825, warnings 0, failed 0)
[2026-09-26T15:32:50.633Z] ✓ Rubi RV-18 Spare Battery — 1/1 variants, 2 images, 1 variant images
[2026-09-26T15:32:51.794Z] ✓ BAL Level Plus Grey 20kg — 1/1 variants, 1 images, 1 variant images
[2026-09-26T15:32:57.099Z] ✓ BAL Level Plus Liquid 4.5L — 1/1 variants, 1 images, 1 variant images
[2026-09-26T15:32:59.681Z] ✓ Excel Bond Waterproof Construction Adhesive Silicone Sealant 290ml — 1/1 variants, 1 images, 1 variant images
[2026-09-26T15:33:00.188Z] ✓ Marcrist CK850 AkkuMax 115mm M14 Flanged Diamond Cutting Blade — 1/1 variants, 4 images, 1 variant images
[2026-09-26T15:33:05.665Z] ✓ Excel Bond Waterproof Wall and Floor Matting 30m² — 1/1 variants, 1 images, 1 variant images
[2026-09-26T15:33:08.755Z] ✓ Visqueen Heavy Duty Rubble Sack — 1/1 variants, 2 images, 1 variant images
[2026-09-26T15:33:09.192Z] ✓ Kerakoll Prime Plus 1ltr — 1/1 variants, 1 images, 1 variant images
[2026-09-26T15:33:15.707Z] ✓ Kerakoll Prime+Grip 1ltr — 1/1 variants, 1 images, 1 variant images
[2026-09-26T15:33:18.551Z] ✓ DEX Manual Pump Suction Cup — 1/1 variants, 4 images, 1 variant images
[2026-09-26T15:33:19.522Z] ✓ Stabila LBM 2000 Steel 20m Tape Measure — 1/1 variants, 4 images, 1 variant images
[2026-09-26T15:33:24.471Z] ✓ Proxxon Diamond-Coated Cutting Disc 50mm — 1/1 variants, 2 images, 1 variant images
[2026-09-26T15:33:27.330Z] ✓ O’Keeffe’s Working Hand Cream 96g — 1/1 variants, 4 images, 1 variant images
[2026-09-26T15:33:27.445Z] ✓ Ivory Oak Luxury Vinyl Tile — 1/1 variants, 2 images, 1 variant images
[2026-09-26T15:33:33.069Z] ✓ Excel Bond Underfloor Heating Decoupling Mat 1m² — 1/1 variants, 2 images, 1 variant images
[2026-09-26T15:33:35.380Z] ✓ Flooring Fitting Kit — 1/1 variants, 1 images, 1 variant images
[2026-09-26T15:33:35.833Z] ✓ Excel Bond Waterproof Tanking 7kg — 1/1 variants, 1 images, 1 variant images
[2026-09-26T15:33:37.314Z] ✓ DEX Tool Bundle — 1/1 variants, 1 images, 1 variant images
[2026-09-26T15:33:37.314Z] finished: 843 ok (0 with warnings), 0 failed
[2026-09-26T15:44:46.721Z] image URLs round 1: 2 products still processing
[2026-09-26T15:47:47.840Z] image URLs round 2: 2 products still processing
[2026-09-26T15:53:51.794Z] image URLs round 1: 2 products still processing
[2026-09-26T15:55:53.289Z] image URLs round 2: 2 products still processing
