[dotenv@17.3.1] injecting env (32) from .env.local -- tip: ⚡️ secrets for agents: https://dotenvx.com/as2
primary: 908 visible products with unlinked rows
secondary: 1349 visible products with unlinked rows
  shopify 5/2257
  shopify 505/2257
  shopify 1005/2257
  shopify 1505/2257
  shopify 2005/2257
{
  "mode": "DRY RUN",
  "productsScanned": 2257,
  "rowsToLink": 8772,
  "productsTouched": 2031,
  "stats": {
    "linked:single": 1210,
    "linked:merged": 1148,
    "unmatched:sku: title disagrees (\"10.8cm / White Gloss\")": 1,
    "unmatched:no matching shopify variant (would need creating)": 98,
    "unmatched:sku: title disagrees (\"100mm / White Matt\")": 1,
    "unmatched:merged: title disagrees (\"10cm\")": 13,
    "unmatched:merged: title disagrees (\"7.5cm\")": 1,
    "unmatched:merged: title disagrees (\"5cm\")": 7,
    "unmatched:merged: title disagrees (\"5cm / White\")": 2,
    "unmatched:merged: title disagrees (\"10cm / White\")": 3,
    "unmatched:sku: title disagrees (\"7.5cm / Matt Carrara\")": 1,
    "unmatched:sku: title disagrees (\"7.5cm / Carrara\")": 1,
    "unmatched:merged: title disagrees (\"7.5cm / White\")": 1,
    "unmatched:merged: title disagrees (\"7.5cm / Blue\")": 1,
    "unmatched:merged: title disagrees (\"10cm / Blue\")": 1,
    "unmatched:merged: title disagrees (\"6.5cm / White\")": 2,
    "unmatched:merged: title disagrees (\"6.5cm\")": 21,
    "unmatched:sku: title disagrees (\"10cm / Yellow\")": 1,
    "unmatched:sku: title disagrees (\"5cm / White\")": 1,
    "unmatched:merged: title disagrees (\"7.5cm / Grey Silver\")": 1,
    "unmatched:merged: title disagrees (\"13.2cm\")": 15,
    "unmatched:merged: title disagrees (\"6.5cm / Blue\")": 2,
    "unmatched:merged: title disagrees (\"13.2cm / Blue\")": 2,
    "unmatched:merged: title disagrees (\"6.5cm / Green\")": 2,
    "unmatched:merged: title disagrees (\"13.2cm / Green\")": 2,
    "unmatched:merged: title disagrees (\"9.6cm / Black\")": 1,
    "unmatched:merged: title disagrees (\"9.6cm / White\")": 1,
    "unmatched:merged: title disagrees (\"14.6cm / Black\")": 1,
    "unmatched:merged: title disagrees (\"14.6cm / White\")": 1,
    "unmatched:merged: title disagrees (\"6.5cm / Gold\")": 1,
    "unmatched:merged: title disagrees (\"13.2cm / Gold\")": 1,
    "unmatched:merged: title disagrees (\"13.2cm / White\")": 1,
    "unmatched:sku: title disagrees (\"6.5cm\")": 1,
    "unmatched:merged: title disagrees (\"9.6cm / Blue\")": 1,
    "unmatched:merged: title disagrees (\"14.6cm / Blue\")": 1,
    "unmatched:merged: title disagrees (\"9.6cm / Green\")": 1,
    "unmatched:merged: title disagrees (\"14.6cm / Green\")": 1,
    "unmatched:merged: title disagrees (\"10.6cm / White\")": 1,
    "unmatched:merged: title disagrees (\"300mm / White Gloss\")": 1,
    "unmatched:merged: title disagrees (\"300mm / Blue Gloss\")": 1,
    "unmatched:merged: title disagrees (\"9.6cm / Red\")": 1,
    "unmatched:merged: title disagrees (\"14.6cm / Red\")": 1,
    "unmatched:sku: title disagrees (\"10cm / Green\")": 1,
    "unmatched:merged: title disagrees (\"15cm / Red\")": 1,
    "unmatched:merged: title disagrees (\"60cm / Beige\")": 3,
    "unmatched:merged: title disagrees (\"60cm / White\")": 4,
    "unmatched:merged: title disagrees (\"60cm / Grey\")": 2,
    "unmatched:sku: title disagrees (\"20cm\")": 1,
    "unmatched:merged: title disagrees (\"20cm / Default Colour\")": 1,
    "unmatched:merged: title disagrees (\"60cm / Gold\")": 1,
    "unmatched:merged: title disagrees (\"7.5cm / Gold\")": 1,
    "unmatched:merged: title disagrees (\"7.5cm / Grey Gloss\")": 1,
    "unmatched:merged: title disagrees (\"7.5cm / Default Colour\")": 1,
    "unmatched:merged: title disagrees (\"15.3cm / Beige\")": 1,
    "unmatched:merged: title disagrees (\"24cm / Beige\")": 1,
    "unmatched:merged: title disagrees (\"15.3cm\")": 2,
    "unmatched:merged: title disagrees (\"24cm\")": 2,
    "unmatched:merged: title disagrees (\"7.5cm / White Carrara\")": 1,
    "unmatched:merged: title disagrees (\"80cm / Grey Carrara\")": 1,
    "unmatched:sku: title disagrees (\"5cm\")": 2,
    "unmatched:merged: title disagrees (\"4.8cm / Grey Silver\")": 1,
    "unmatched:sku: title disagrees (\"8mm\")": 1,
    "unmatched:sku: title disagrees (\"1.5cm / Grey Matt\")": 1,
    "unmatched:merged: title disagrees (\"30cm\")": 3,
    "unmatched:merged: title disagrees (\"60.3cm\")": 1,
    "unmatched:merged: title disagrees (\"600mm / Matt\")": 1,
    "unmatched:merged: title disagrees (\"1200mm / Matt\")": 1,
    "unmatched:merged: title disagrees (\"600mm / Grey Matt\")": 2,
    "unmatched:merged: title disagrees (\"1200mm / Grey Matt\")": 2,
    "unmatched:merged: title disagrees (\"600mm / White Marble\")": 1,
    "unmatched:merged: title disagrees (\"600mm / Gold Marble\")": 1,
    "unmatched:merged: title disagrees (\"1200mm / Gold Marble\")": 1,
    "unmatched:merged: title disagrees (\"1200mm / White Marble\")": 1,
    "unmatched:merged: title disagrees (\"600mm / Gold Polished Marble\")": 1,
    "unmatched:merged: title disagrees (\"600mm / White Polished Marble\")": 1,
    "unmatched:merged: title disagrees (\"1200mm / White Polished Marble\")": 2,
    "unmatched:merged: title disagrees (\"1200mm / Gold Polished Marble\")": 1,
    "unmatched:sku: title disagrees (\"9.6cm / Black\")": 1,
    "unmatched:sku: title disagrees (\"9.6cm / Red\")": 1,
    "unmatched:merged: title disagrees (\"15cm / Anthracite Stone\")": 1,
    "unmatched:merged: title disagrees (\"15cm / White Stone\")": 1,
    "unmatched:merged: title disagrees (\"15cm / Grey Stone\")": 1,
    "unmatched:merged: title disagrees (\"15cm / Beige Stone\")": 1,
    "unmatched:merged: title disagrees (\"30cm / Grey Stone\")": 2,
    "unmatched:merged: title disagrees (\"600mm / Anthracite Matt\")": 1,
    "unmatched:merged: title disagrees (\"1200mm / Anthracite Matt\")": 1,
    "unmatched:merged: title disagrees (\"Default Size / Grey Polished\")": 1,
    "unmatched:merged: title disagrees (\"30cm / Stone\")": 2,
    "unmatched:merged: title disagrees (\"60cm / Stone\")": 2,
    "unmatched:merged: title disagrees (\"30cm / Beige\")": 2,
    "unmatched:merged: title disagrees (\"60cm / Grey Stone\")": 1,
    "unmatched:sku: title disagrees (\"9.6cm / White\")": 1,
    "unmatched:sku: title disagrees (\"30cm\")": 4,
    "unmatched:merged: title disagrees (\"10cm / Silver\")": 1,
    "unmatched:merged: title disagrees (\"10cm / Gold\")": 1,
    "unmatched:merged: title disagrees (\"30cm / Gold\")": 3,
    "unmatched:merged: title disagrees (\"30cm / Silver\")": 1,
    "unmatched:merged: title disagrees (\"Default Size / White Gloss\")": 1,
    "unmatched:merged: title disagrees (\"Default Size / White Polished\")": 1,
    "linked:sku": 6414,
    "unmatched:merged: title disagrees (\"2.3cm / White\")": 2,
    "unmatched:merged: title disagrees (\"4.5cm / Black\")": 2,
    "unmatched:merged: title disagrees (\"4.5cm / White\")": 1,
    "unmatched:merged: title disagrees (\"2.3cm / Black\")": 2,
    "unmatched:merged: title disagrees (\"3.2cm / Black\")": 1,
    "unmatched:merged: title disagrees (\"3.25cm / Pink\")": 1,
    "unmatched:merged: title disagrees (\"3.2cm / White\")": 1,
    "unmatched:merged: title disagrees (\"3.25cm / Green\")": 1,
    "unmatched:merged: title disagrees (\"Default Size / Black\")": 1,
    "unmatched:merged: title disagrees (\"Default Size / Black Matt\")": 1,
    "unmatched:sku: title disagrees (\"30cm / Matt Stone\")": 1,
    "unmatched:sku: title disagrees (\"30cm / White Matt Stone\")": 1,
    "unmatched:sku: title disagrees (\"30cm / Matt\")": 2,
    "unmatched:sku: title disagrees (\"30cm / White Matt\")": 1,
    "unmatched:sku: title disagrees (\"30cm / Grey\")": 1,
    "unmatched:merged: title disagrees (\"Matt\")": 1,
    "unmatched:sku: title disagrees (\"600mm / Matt\")": 1,
    "unmatched:merged: title disagrees (\"300x600 / Grey Matt\")": 1,
    "unmatched:merged: title disagrees (\"30x60 / Grey Silver Matt\")": 1,
    "unmatched:merged: title disagrees (\"60x60 / Grey Silver Matt\")": 1,
    "unmatched:merged: title disagrees (\"600x600 / Grey Matt\")": 1,
    "unmatched:merged: title disagrees (\"60x120 / Grey Silver Matt\")": 1,
    "unmatched:sku: title disagrees (\"30.5cm / Black\")": 1,
    "unmatched:merged: title disagrees (\"296mm / Grey Gloss\")": 1,
    "unmatched:merged: title disagrees (\"296mm / Pink Gloss\")": 1,
    "unmatched:merged: title disagrees (\"297mm / Black Matt\")": 1,
    "unmatched:merged: title disagrees (\"4.8cm / Pink\")": 1,
    "unmatched:merged: title disagrees (\"4.8cm / Blue\")": 1,
    "unmatched:merged: title disagrees (\"4.8cm / Grey Matt\")": 1,
    "unmatched:merged: title disagrees (\"4.8cm / Black Matt\")": 1,
    "unmatched:merged: title disagrees (\"4.8cm / White Matt\")": 1,
    "unmatched:merged: title disagrees (\"600mm / Stone\")": 5,
    "unmatched:merged: title disagrees (\"1200mm / Stone\")": 5,
    "unmatched:merged: title disagrees (\"600mm / Walnut Stone\")": 1,
    "unmatched:merged: title disagrees (\"1200mm / Walnut Stone\")": 1,
    "unmatched:merged: title disagrees (\"60cm\")": 4,
    "unmatched:merged: title disagrees (\"31.6cm\")": 1,
    "unmatched:merged: title disagrees (\"49.1cm\")": 1,
    "unmatched:sku: title disagrees (\"600mm / Black Matt\")": 1,
    "unmatched:merged: title disagrees (\"Grey Silver\")": 8,
    "unmatched:sku: title disagrees (\"10mm / White\")": 1,
    "unmatched:merged: title disagrees (\"15cm / Grey Silver\")": 1,
    "unmatched:merged: title disagrees (\"Variant 1\")": 3,
    "unmatched:merged: title disagrees (\"30cm / White Matt\")": 1,
    "unmatched:merged: title disagrees (\"30cm / Black\")": 1,
    "unmatched:merged: title disagrees (\"60cm / White Matt\")": 1,
    "unmatched:merged: title disagrees (\"80cm / White\")": 1,
    "unmatched:sku: title disagrees (\"30cm / Black\")": 3,
    "unmatched:merged: title disagrees (\"600mm / Grey Stone\")": 3,
    "unmatched:merged: title disagrees (\"1000mm / Grey Stone\")": 2,
    "unmatched:merged: title disagrees (\"600mm / White Matt\")": 1,
    "unmatched:merged: title disagrees (\"600mm / Silver Matt\")": 1,
    "unmatched:merged: title disagrees (\"750mm / Silver Matt\")": 1,
    "unmatched:sku: title disagrees (\"20mm\")": 1,
    "unmatched:sku: title disagrees (\"20mm / Anthracite\")": 1,
    "unmatched:sku: title disagrees (\"20mm / Grey\")": 2,
    "unmatched:sku: title disagrees (\"60cm\")": 8,
    "unmatched:merged: title disagrees (\"800mm / Grey Stone\")": 1,
    "unmatched:merged: title disagrees (\"Grey\")": 1,
    "unmatched:merged: title disagrees (\"2.5cm / White\")": 1,
    "unmatched:merged: title disagrees (\"4.8cm / White\")": 1,
    "unmatched:merged: title disagrees (\"42.7cm\")": 1,
    "unmatched:merged: title disagrees (\"42.7cm / White\")": 1,
    "unmatched:merged: title disagrees (\"2.3cm\")": 1,
    "unmatched:merged: title disagrees (\"4.8cm\")": 1,
    "unmatched:merged: title disagrees (\"2.3cm / Grey\")": 1,
    "unmatched:merged: title disagrees (\"1cm / Beige\")": 1,
    "unmatched:merged: title disagrees (\"1cm / Black\")": 1,
    "unmatched:merged: title disagrees (\"2.3cm / Blue\")": 1,
    "unmatched:merged: title disagrees (\"Default Size / Polished Marble\")": 1,
    "unmatched:merged: title disagrees (\"30.5cm / Black\")": 1,
    "unmatched:merged: title disagrees (\"61cm / Black\")": 1,
    "unmatched:merged: title disagrees (\"80cm / Grey\")": 1,
    "unmatched:sku: title disagrees (\"60cm / Gold\")": 1,
    "unmatched:single: no row priced like the page": 58,
    "unmatched:merged: title disagrees (\"29cm / Grey\")": 1,
    "unmatched:merged: title disagrees (\"50cm\")": 1,
    "unmatched:merged: title disagrees (\"75cm\")": 1,
    "unmatched:merged: title disagrees (\"50cm / Grey\")": 1,
    "unmatched:merged: title disagrees (\"75cm / Grey\")": 1,
    "unmatched:sku: title disagrees (\"10mm / Grey\")": 1,
    "unmatched:merged: title disagrees (\"45cm / Grey Stone\")": 1,
    "unmatched:merged: title disagrees (\"45cm / White Stone\")": 1,
    "unmatched:merged: title disagrees (\"90cm / White Stone\")": 1,
    "unmatched:merged: title disagrees (\"90cm / Grey Stone\")": 1,
    "unmatched:merged: title disagrees (\"45cm / Stone\")": 1,
    "unmatched:merged: title disagrees (\"90cm / Stone\")": 1,
    "unmatched:merged: title disagrees (\"9.8cm\")": 1,
    "unmatched:merged: title disagrees (\"15cm\")": 1,
    "unmatched:merged: title disagrees (\"Default Colour\")": 3,
    "unmatched:merged: title disagrees (\"2.5cm\")": 1,
    "unmatched:sku: title disagrees (\"59.8cm / Grey Matt\")": 1,
    "unmatched:merged: title disagrees (\"Oak\")": 1,
    "unmatched:merged: title disagrees (\"Variant 2\")": 2,
    "unmatched:merged: title disagrees (\"600mm / White Matt Marble\")": 1,
    "unmatched:merged: title disagrees (\"29cm / Blue\")": 1,
    "unmatched:merged: title disagrees (\"29cm / Green\")": 1,
    "unmatched:merged: title disagrees (\"Brass Brushed\")": 1,
    "unmatched:merged: title disagrees (\"Silver Brushed\")": 1,
    "unmatched:merged: title disagrees (\"Copper Brushed\")": 1,
    "unmatched:merged: title disagrees (\"Default Size / Blue Polished\")": 1,
    "unmatched:merged: title disagrees (\"80cm / Matt\")": 1,
    "unmatched:merged: title disagrees (\"60cm / Matt\")": 1,
    "unmatched:merged: title disagrees (\"45cm / Bronze\")": 1,
    "unmatched:merged: title disagrees (\"45cm / Black\")": 1,
    "unmatched:merged: title disagrees (\"45cm / Green\")": 1,
    "unmatched:merged: title disagrees (\"45cm / Blue\")": 1,
    "unmatched:merged: title disagrees (\"60cm / Bronze\")": 1,
    "unmatched:sku: title disagrees (\"Black\")": 1,
    "unmatched:merged: title disagrees (\"4.8cm / Gold\")": 1,
    "unmatched:merged: title disagrees (\"2.3cm / Gold\")": 1,
    "unmatched:merged: title disagrees (\"90cm / White\")": 1,
    "unmatched:merged: title disagrees (\"120cm / White\")": 1,
    "unmatched:merged: title disagrees (\"90cm\")": 2,
    "unmatched:merged: title disagrees (\"120cm\")": 1,
    "unmatched:merged: title disagrees (\"120m\")": 1,
    "unmatched:merged: title disagrees (\"90cm / Beige\")": 1,
    "unmatched:merged: title disagrees (\"120m / Beige\")": 1,
    "unmatched:merged: title disagrees (\"300x600 / Beige Matt Stone\")": 1,
    "unmatched:merged: title disagrees (\"600x300 / Black Matt Stone\")": 1,
    "unmatched:merged: title disagrees (\"600x600 / Black Matt Stone\")": 1,
    "unmatched:merged: title disagrees (\"Default Size / Beige Polished Stone\")": 1,
    "unmatched:merged: title disagrees (\"300x600 / Black Polished Stone\")": 1,
    "unmatched:merged: title disagrees (\"600x600 / Black Polished Stone\")": 1,
    "unmatched:merged: title disagrees (\"Default Size / Matt Stone\")": 1,
    "unmatched:merged: title disagrees (\"1215x195 / Default Colour\")": 1,
    "unmatched:merged: title disagrees (\"120cm / Walnut\")": 2,
    "unmatched:merged: title disagrees (\"240cm / Walnut\")": 2,
    "unmatched:merged: title disagrees (\"120cm / Black Oak\")": 1,
    "unmatched:merged: title disagrees (\"120cm / Oak\")": 2,
    "unmatched:merged: title disagrees (\"120cm / Silver Oak\")": 1,
    "unmatched:merged: title disagrees (\"240cm / Oak\")": 2,
    "unmatched:merged: title disagrees (\"240cm / Black Oak\")": 1,
    "unmatched:merged: title disagrees (\"240cm / Silver Oak\")": 1,
    "unmatched:sku: title disagrees (\"20mm / Grey Silver Stone\")": 1,
    "unmatched:merged: title disagrees (\"Grey Silver Gloss\")": 1,
    "unmatched:merged: title disagrees (\"Bronze Brushed\")": 3,
    "unmatched:merged: title disagrees (\"Gold Brushed\")": 3,
    "unmatched:merged: title disagrees (\"40.6x40.6\")": 1,
    "unmatched:merged: title disagrees (\"50.8x50.8\")": 1,
    "unmatched:merged: title disagrees (\"9.6cm / White Red\")": 1,
    "unmatched:merged: title disagrees (\"9.6cm / Black Red\")": 1,
    "unmatched:merged: title disagrees (\"14.6cm / Blue Green\")": 1,
    "unmatched:merged: title disagrees (\"14.6cm / Blue Red\")": 1,
    "unmatched:merged: title disagrees (\"14.6cm / Green Red\")": 1,
    "unmatched:merged: title disagrees (\"9.6cm / White Black\")": 1,
    "unmatched:merged: title disagrees (\"9.6cm / Black Green\")": 1,
    "unmatched:merged: title disagrees (\"14.6cm / White Blue\")": 1,
    "unmatched:merged: title disagrees (\"14.6cm / Black Blue\")": 1,
    "unmatched:merged: title disagrees (\"14.6cm / White Black\")": 1,
    "unmatched:merged: title disagrees (\"9.6cm / White Green\")": 1,
    "unmatched:merged: title disagrees (\"14.6cm / White Red\")": 1,
    "unmatched:merged: title disagrees (\"14.6cm / White Green\")": 1,
    "unmatched:merged: title disagrees (\"White\")": 1,
    "unmatched:merged: title disagrees (\"Black\")": 1,
    "unmatched:merged: title disagrees (\"800 X 800\")": 2,
    "unmatched:merged: title disagrees (\"900 X 900\")": 2,
    "unmatched:merged: title disagrees (\"900 X 1200\")": 2,
    "unmatched:merged: title disagrees (\"1000 X 1000\")": 2,
    "unmatched:merged: title disagrees (\"1000 X 1200\")": 2,
    "unmatched:merged: title disagrees (\"1200 X 1200\")": 2,
    "unmatched:merged: title disagrees (\"800 X 1200\")": 1,
    "unmatched:merged: title disagrees (\"800 X 1500\")": 1,
    "unmatched:sku: several shopify variants share it": 2,
    "unmatched:merged: title disagrees (\"1200x600mm / Black Matt\")": 1,
    "unmatched:merged: title disagrees (\"1200x600mm / Bronze Brushed\")": 1,
    "unmatched:merged: title disagrees (\"1200x600mm / Gold Brushed\")": 1,
    "unmatched:merged: title disagrees (\"1200x500mm / Black Matt\")": 1,
    "unmatched:merged: title disagrees (\"Black Matt\")": 2
  },
  "linksByBrand": {
    "Bathroom4Less": 905,
    "Floors4Trade": 3,
    "Total Tiles": 137,
    "Al Murad": 300,
    "Tiles Porcelain": 264,
    "Walls and Floors": 450,
    "Aica Bathrooms": 6682,
    "Tap Warehouse": 17,
    "Drench": 14
  },
  "unmatchedByBrand": {
    "Al Murad": 375,
    "Total Tiles": 66,
    "Tiles Porcelain": 33,
    "Walls and Floors": 26,
    "Drench": 58,
    "Aica Bathrooms": 2
  },
  "sample": [
    "single | Bathroom4Less | Forest Oval Basin Overflow Cover | row \"Chrome\" → \"Default Title\"",
    "single | Bathroom4Less | Revolve Traditional 2 Outlet Thermostatic Concealed Shower Valve With Diverter | row \"Chrome\" → \"Default Title\"",
    "merged | Walls and Floors | Vision Matt Wall and Floor Porcelain Tiles | row \"Vision Beige Matt Wall and Floor Porcelain Tiles\" → \"Beige Matt\"",
    "sku | Aica Bathrooms | AICA Shower Enclosure Rectangle Square White Stone Tray | row \"1400 / 700\" → \"1400 / 700\"",
    "sku | Aica Bathrooms | AICA Shower Bath Cubicle AICA Pivot Single Shower Door+Stone Shower Tray | row \"1000x1850 / No\" → \"1000x1850 / No\"",
    "sku | Aica Bathrooms | AICA 700-1400mm Wet Room Shower screen,1850 1950 2000 Height | row \"1400 / 1950 / 140cm for 6-10mm glass\" → \"1400 / 1950 / 140cm for 6-10mm glass\"",
    "sku | Aica Bathrooms | AICA Walk in Wet Room Shower screen 8mm NANO glass | row \"760x1950 / Black profile & 90cm support bar\" → \"760x1950 / Black profile & 90cm support bar\"",
    "sku | Aica Bathrooms | AICA Shower enclosure double sliding door corner entry | row \"chrome 1850mm H / 700x700 / no tray\" → \"chrome 1850mm H / 700x700 / no tray\"",
    "sku | Aica Bathrooms | AICA Shower enclosure corner entry bifold pivot door E | row \"T5: double pivot door / 900x1000\" → \"T5: double pivot door / 900x1000\"",
    "sku | Aica Bathrooms | AICA 700/760mm Easy Clean Walk in Shower Screen White Stone Tray | row \"760x1950 / 1500x900x30\" → \"760x1950 / 1500x900x30\""
  ]
}
plan: /Users/niazig/Desktop/linxliving/LinxLiving/scratch/variant-link-plan-2026-10-06T14-16-59-404Z.json
