[dotenv@17.3.1] injecting env (32) from .env.local -- tip: 🛡️ auth for agents: https://vestauth.com
products with rows sharing a Shopify variant: 47
{
  "mode": "DRY RUN",
  "rowsToRelink": 138,
  "products": 46,
  "byBrand": {
    "FAKRO": 30,
    "Bathdisc": 108
  },
  "leftAlone": 1,
  "leftAloneSample": [
    {
      "brand": "Drench",
      "name": "Vado Safari Toilet Seat Hinge Cover Caps",
      "rows": 5,
      "matched": 5
    }
  ],
  "sample": [
    "FAKRO | White Acrylic Conservation Style Centre Pivot Roof Window (FTW-V/C P2) 78cm x 160cm | \"Recessed Flashing Kit for Slate up to 10mm (ELJ)\" 907208 → 972744",
    "FAKRO | White Acrylic Conservation Style Centre Pivot Roof Window (FTW-V/C P2) 78cm x 160cm | \"Standard Depth Flashing Kit for Non-Interlocking Tile up to 16mm (EPV)\" 939976 → 005512",
    "FAKRO | White Acrylic Conservation Style Centre Pivot Roof Window (FTW-V/C P2) 78cm x 160cm | \"Recessed Flashing Kit for Non-Interlocking Tile up to 16mm (EPJ)\" 907208 → 038280",
    "FAKRO | White Acrylic Conservation Style Centre Pivot Roof Window (FTW-V/C P2) 94cm x 160cm | \"Recessed Flashing Kit for Slate up to 10mm (ELJ)\" 042888 → 108424",
    "FAKRO | White Acrylic Conservation Style Centre Pivot Roof Window (FTW-V/C P2) 94cm x 160cm | \"Standard Depth Flashing Kit for Non-Interlocking Tile up to 16mm (EPV)\" 075656 → 141192",
    "FAKRO | White Acrylic Conservation Style Centre Pivot Roof Window (FTW-V/C P2) 94cm x 160cm | \"Recessed Flashing Kit for Non-Interlocking Tile up to 16mm (EPJ)\" 042888 → 173960"
  ]
}
