[09:11:14] terms brand: 29
[09:11:16] terms range: 248
[09:11:16] terms collection: 28
[09:11:17] terms width: 274
[09:11:18] terms product-type: 113
[09:11:19] terms product-category: 89
[09:11:26] terms group-id: 1417
[09:11:36] API products: 1382
[09:11:36] start: 4 product pages to read (0 already done)
[09:11:56] DONE: 4 products, 30 option pages, 4 with a price, 0 failed
[09:12:20] API products: 1382
[09:12:20] start: 1 product pages to read (0 already done)
[09:12:24] DONE: 1 products, 4 option pages, 1 with a price, 0 failed
[09:12:46] API products: 1382
[09:12:46] start: 1 product pages to read (0 already done)
[09:12:51] DONE: 1 products, 4 option pages, 1 with a price, 0 failed
[09:13:08] API products: 1382
[09:13:08] start: 1382 product pages to read (0 already done)
[09:14:50] 50/1377 products · 218 option pages · 46 with a price · 0 failed · ~45 min left
[09:15:50] 100/1377 products · 326 option pages · 93 with a price · 0 failed · ~34 min left
[09:16:34] 150/1377 products · 392 option pages · 142 with a price · 0 failed · ~28 min left
[09:17:32] 200/1378 products · 498 option pages · 191 with a price · 0 failed · ~26 min left
[09:17:54] 250/1378 products · 515 option pages · 240 with a price · 0 failed · ~22 min left
[09:18:23] 300/1377 products · 535 option pages · 289 with a price · 0 failed · ~19 min left
[09:18:41] 350/1378 products · 535 option pages · 339 with a price · 0 failed · ~16 min left
[09:19:22] 400/1377 products · 584 option pages · 389 with a price · 0 failed · ~15 min left
[09:19:48] 450/1379 products · 606 option pages · 438 with a price · 0 failed · ~14 min left
[09:20:26] 500/1377 products · 635 option pages · 487 with a price · 0 failed · ~13 min left
[09:20:45] 550/1377 products · 637 option pages · 537 with a price · 0 failed · ~11 min left
[09:21:05] 600/1378 products · 637 option pages · 587 with a price · 0 failed · ~10 min left
[09:21:23] 650/1378 products · 637 option pages · 637 with a price · 0 failed · ~9 min left
[09:21:40] 700/1377 products · 637 option pages · 687 with a price · 0 failed · ~8 min left
[09:22:00] 750/1379 products · 637 option pages · 737 with a price · 0 failed · ~7 min left
[09:22:23] 800/1377 products · 637 option pages · 787 with a price · 0 failed · ~7 min left
[09:22:59] 850/1378 products · 688 option pages · 830 with a price · 0 failed · ~6 min left
[09:23:52] 900/1377 products · 766 option pages · 879 with a price · 0 failed · ~6 min left
[09:24:27] 950/1378 products · 808 option pages · 928 with a price · 0 failed · ~5 min left
[09:25:07] 1000/1377 products · 849 option pages · 978 with a price · 0 failed · ~5 min left
[09:25:39] 1050/1377 products · 891 option pages · 1028 with a price · 0 failed · ~4 min left
[09:26:41] 1100/1379 products · 999 option pages · 1078 with a price · 0 failed · ~3 min left
[09:27:21] 1150/1377 products · 1049 option pages · 1128 with a price · 0 failed · ~3 min left
[09:28:36] 1200/1377 products · 1196 option pages · 1174 with a price · 0 failed · ~2 min left
[09:29:39] 1250/1377 products · 1316 option pages · 1224 with a price · 0 failed · ~2 min left
[09:31:15] 1300/1377 products · 1538 option pages · 1264 with a price · 0 failed · ~1 min left
[09:33:13] 1350/1377 products · 1785 option pages · 1312 with a price · 0 failed · ~0 min left
[09:34:05] DONE: 1382 products, 1895 option pages, 1344 with a price, 0 failed
[09:36:43] API products: 1382
[09:36:43] start: 1 product pages to read (0 already done)
[09:36:44] DONE: 1 products, 0 option pages, 1 with a price, 0 failed
[09:36:53] API products: 1382
[09:36:53] start: 1 product pages to read (0 already done)
[09:36:58] DONE: 1 products, 4 option pages, 1 with a price, 0 failed
[09:37:17] API products: 1382
[09:37:17] start: 1382 product pages to read (0 already done)
[09:39:02] 50/1373 products · 218 option pages · 46 with a price · 0 failed · ~47 min left
[09:40:11] 100/1373 products · 329 option pages · 93 with a price · 0 failed · ~37 min left
[09:40:57] 150/1373 products · 389 option pages · 142 with a price · 0 failed · ~30 min left
[09:41:58] 200/1373 products · 495 option pages · 191 with a price · 0 failed · ~28 min left
[09:42:29] 250/1373 products · 514 option pages · 240 with a price · 0 failed · ~23 min left
[09:42:55] 300/1373 products · 527 option pages · 289 with a price · 0 failed · ~20 min left
[09:43:18] 350/1374 products · 535 option pages · 339 with a price · 0 failed · ~18 min left
[09:44:01] 400/1375 products · 571 option pages · 388 with a price · 0 failed · ~16 min left
[09:44:33] 450/1373 products · 605 option pages · 438 with a price · 0 failed · ~15 min left
[09:45:01] 500/1374 products · 629 option pages · 487 with a price · 0 failed · ~14 min left
[09:45:26] 550/1374 products · 637 option pages · 537 with a price · 0 failed · ~12 min left
[09:45:47] 600/1374 products · 637 option pages · 587 with a price · 0 failed · ~11 min left
[09:46:10] 650/1373 products · 637 option pages · 637 with a price · 0 failed · ~10 min left
[09:46:35] 700/1373 products · 637 option pages · 687 with a price · 0 failed · ~9 min left
[09:46:57] 750/1373 products · 637 option pages · 737 with a price · 0 failed · ~8 min left
[09:47:20] 800/1373 products · 637 option pages · 787 with a price · 0 failed · ~7 min left
[09:48:04] 850/1373 products · 683 option pages · 829 with a price · 0 failed · ~7 min left
[09:48:57] 900/1373 products · 758 option pages · 879 with a price · 0 failed · ~6 min left
[09:49:37] 950/1374 products · 807 option pages · 928 with a price · 0 failed · ~6 min left
[09:50:13] 1000/1373 products · 844 option pages · 978 with a price · 0 failed · ~5 min left
[09:50:53] 1050/1373 products · 898 option pages · 1028 with a price · 0 failed · ~4 min left
[09:51:48] 1100/1373 products · 986 option pages · 1078 with a price · 0 failed · ~4 min left
[09:52:38] 1150/1374 products · 1059 option pages · 1128 with a price · 0 failed · ~3 min left
[09:53:45] 1200/1373 products · 1184 option pages · 1174 with a price · 0 failed · ~2 min left
[09:54:55] 1250/1373 products · 1314 option pages · 1224 with a price · 0 failed · ~2 min left
[09:56:40] 1300/1373 products · 1541 option pages · 1264 with a price · 0 failed · ~1 min left
[09:58:34] 1350/1373 products · 1781 option pages · 1312 with a price · 0 failed · ~0 min left
[09:59:28] DONE: 1382 products, 1895 option pages, 1344 with a price, 0 failed
[10:00:14] verify: structure: 1060 products / 2583 variants, 221 problems
[10:00:43] verify: images: 1000/2633, 0 dead
[10:01:13] verify: images: 2000/2633, 1 dead
[10:01:39] verify: images: 2633 checked, 1 dead
[10:02:16] verify: live re-check: 50/300, 0 mismatches
[10:02:56] verify: live re-check: 100/300, 0 mismatches
[10:03:28] verify: live re-check: 150/300, 0 mismatches
[10:03:59] verify: live re-check: 200/300, 0 mismatches
[10:04:29] verify: live re-check: 250/300, 0 mismatches
[10:05:02] verify: live re-check: 300/300, 0 mismatches
[10:05:02] verify: live re-check: 300 variants, 0 mismatches
